Component: ARM Compiler 6.16 Tool: armlink [5dfeaa00]

==============================================================================

Section Cross References

    main.o(.text.RCC_Configuration) refers to gd32e50x_rcu.o(.text.rcu_periph_clock_enable) for rcu_periph_clock_enable
    main.o(.ARM.exidx.text.RCC_Configuration) refers to main.o(.text.RCC_Configuration) for [Anonymous Symbol]
    main.o(.text.ExecApp) refers to gd32e50x_gpio.o(.text.gpio_bit_reset) for gpio_bit_reset
    main.o(.text.ExecApp) refers to main.o(.bss.jump_address) for jump_address
    main.o(.text.ExecApp) refers to main.o(.bss.jump_To_application) for jump_To_application
    main.o(.ARM.exidx.text.ExecApp) refers to main.o(.text.ExecApp) for [Anonymous Symbol]
    main.o(.ARM.exidx.text.CheckSum) refers to main.o(.text.CheckSum) for [Anonymous Symbol]
    main.o(.text.SetPageAddr) refers to main.o(.bss.g_Buffer) for g_Buffer
    main.o(.text.SetPageAddr) refers to serial.o(.text.BootComRecv) for BootComRecv
    main.o(.text.SetPageAddr) refers to serial.o(.text.BootComSendByte) for BootComSendByte
    main.o(.text.SetPageAddr) refers to main.o(.text.CheckSum) for CheckSum
    main.o(.text.SetPageAddr) refers to main.o(.bss.g_Address) for g_Address
    main.o(.ARM.exidx.text.SetPageAddr) refers to main.o(.text.SetPageAddr) for [Anonymous Symbol]
    main.o(.text.WritePage) refers to main.o(.bss.g_Buffer) for g_Buffer
    main.o(.text.WritePage) refers to serial.o(.text.BootComRecv) for BootComRecv
    main.o(.text.WritePage) refers to serial.o(.text.BootComSendByte) for BootComSendByte
    main.o(.text.WritePage) refers to main.o(.text.CheckSum) for CheckSum
    main.o(.text.WritePage) refers to main.o(.bss.g_WriteEnable) for g_WriteEnable
    main.o(.text.WritePage) refers to main.o(.bss.g_Address) for g_Address
    main.o(.text.WritePage) refers to gd32e50x_fmc.o(.text.fmc_page_erase) for fmc_page_erase
    main.o(.text.WritePage) refers to gd32e50x_fmc.o(.text.fmc_word_program) for fmc_word_program
    main.o(.ARM.exidx.text.WritePage) refers to main.o(.text.WritePage) for [Anonymous Symbol]
    main.o(.text.ReadPage) refers to main.o(.bss.g_Address) for g_Address
    main.o(.text.ReadPage) refers to main.o(.bss.g_Buffer) for g_Buffer
    main.o(.text.ReadPage) refers to serial.o(.text.BootComSendByte) for BootComSendByte
    main.o(.text.ReadPage) refers to main.o(.text.CheckSum) for CheckSum
    main.o(.ARM.exidx.text.ReadPage) refers to main.o(.text.ReadPage) for [Anonymous Symbol]
    main.o(.text.Connect) refers to main.o(.bss.g_Buffer) for g_Buffer
    main.o(.text.Connect) refers to serial.o(.text.BootComRecv) for BootComRecv
    main.o(.text.Connect) refers to main.o(.text.CheckSum) for CheckSum
    main.o(.text.Connect) refers to serial.o(.text.BootComSend) for BootComSend
    main.o(.text.Connect) refers to main.o(.bss.g_WriteEnable) for g_WriteEnable
    main.o(.text.Connect) refers to gd32e50x_fmc.o(.text.fmc_unlock) for fmc_unlock
    main.o(.ARM.exidx.text.Connect) refers to main.o(.text.Connect) for [Anonymous Symbol]
    main.o(.text.main) refers to gd32e50x_misc.o(.text.nvic_vector_table_set) for nvic_vector_table_set
    main.o(.text.main) refers to gd32e50x_rcu.o(.text.rcu_periph_clock_enable) for rcu_periph_clock_enable
    main.o(.text.main) refers to gd32e50x_gpio.o(.text.gpio_init) for gpio_init
    main.o(.text.main) refers to gd32e50x_gpio.o(.text.gpio_bit_reset) for gpio_bit_reset
    main.o(.text.main) refers to main.o(.text.RCC_Configuration) for RCC_Configuration
    main.o(.text.main) refers to timer.o(.text.InitTick) for InitTick
    main.o(.text.main) refers to gd32e503v_eval.o(.text.BKP_int) for BKP_int
    main.o(.text.main) refers to gd32e503v_eval.o(.text.gd_eval_com_init) for gd_eval_com_init
    main.o(.text.main) refers to gd32e50x_bkp.o(.text.bkp_read_data) for bkp_read_data
    main.o(.text.main) refers to main.o(.bss.g_Buffer) for g_Buffer
    main.o(.text.main) refers to serial.o(.text.BootComRecv) for BootComRecv
    main.o(.text.main) refers to gd32e50x_bkp.o(.text.bkp_write_data) for bkp_write_data
    main.o(.text.main) refers to main.o(.text.ExecApp) for ExecApp
    main.o(.text.main) refers to main.o(.text.Connect) for Connect
    main.o(.text.main) refers to gd32e50x_gpio.o(.text.gpio_bit_set) for gpio_bit_set
    main.o(.text.main) refers to main.o(.bss.updateTimeOut) for updateTimeOut
    main.o(.text.main) refers to gd32e50x_gpio.o(.text.gpio_output_bit_get) for gpio_output_bit_get
    main.o(.text.main) refers to gd32e50x_gpio.o(.text.gpio_bit_write) for gpio_bit_write
    main.o(.text.main) refers to main.o(.text.SetPageAddr) for SetPageAddr
    main.o(.text.main) refers to main.o(.text.WritePage) for WritePage
    main.o(.text.main) refers to main.o(.text.ReadPage) for ReadPage
    main.o(.text.main) refers to timer.o(.text.DelayMs) for DelayMs
    main.o(.ARM.exidx.text.main) refers to main.o(.text.main) for [Anonymous Symbol]
[...]
    Removing gd32e50x_rcu.o(.text.rcu_ahb_clock_config), (36 bytes).
    Removing gd32e50x_rcu.o(.ARM.exidx.text.rcu_ahb_clock_config), (8 bytes).
    Removing gd32e50x_rcu.o(.text.rcu_apb1_clock_config), (36 bytes).
    Removing gd32e50x_rcu.o(.ARM.exidx.text.rcu_apb1_clock_config), (8 bytes).
    Removing gd32e50x_rcu.o(.text.rcu_apb2_clock_config), (36 bytes).
    Removing gd32e50x_rcu.o(.ARM.exidx.text.rcu_apb2_clock_config), (8 bytes).
    Removing gd32e50x_rcu.o(.text.rcu_ckout0_config), (36 bytes).
    Removing gd32e50x_rcu.o(.ARM.exidx.text.rcu_ckout0_config), (8 bytes).
    Removing gd32e50x_rcu.o(.text.rcu_pll_config), (56 bytes).
    Removing gd32e50x_rcu.o(.ARM.exidx.text.rcu_pll_config), (8 bytes).
    Removing gd32e50x_rcu.o(.text.rcu_pllpresel_config), (44 bytes).
    Removing gd32e50x_rcu.o(.ARM.exidx.text.rcu_pllpresel_config), (8 bytes).
    Removing gd32e50x_rcu.o(.text.rcu_predv0_config), (62 bytes).
    Removing gd32e50x_rcu.o(.ARM.exidx.text.rcu_predv0_config), (8 bytes).
    Removing gd32e50x_rcu.o(.text.rcu_adc_clock_config), (180 bytes).
    Removing gd32e50x_rcu.o(.ARM.exidx.text.rcu_adc_clock_config), (8 bytes).
    Removing gd32e50x_rcu.o(.text.rcu_usb_clock_config), (36 bytes).
    Removing gd32e50x_rcu.o(.ARM.exidx.text.rcu_usb_clock_config), (8 bytes).
    Removing gd32e50x_rcu.o(.text.rcu_rtc_clock_config), (36 bytes).
    Removing gd32e50x_rcu.o(.ARM.exidx.text.rcu_rtc_clock_config), (8 bytes).
    Removing gd32e50x_rcu.o(.text.rcu_shrtimer_clock_config), (36 bytes).
    Removing gd32e50x_rcu.o(.ARM.exidx.text.rcu_shrtimer_clock_config), (8 bytes).
    Removing gd32e50x_rcu.o(.text.rcu_usart5_clock_config), (36 bytes).
    Removing gd32e50x_rcu.o(.ARM.exidx.text.rcu_usart5_clock_config), (8 bytes).
    Removing gd32e50x_rcu.o(.text.rcu_i2c2_clock_config), (36 bytes).
    Removing gd32e50x_rcu.o(.ARM.exidx.text.rcu_i2c2_clock_config), (8 bytes).
    Removing gd32e50x_rcu.o(.text.rcu_ck48m_clock_config), (36 bytes).
    Removing gd32e50x_rcu.o(.ARM.exidx.text.rcu_ck48m_clock_config), (8 bytes).
    Removing gd32e50x_rcu.o(.text.rcu_flag_get), (62 bytes).
    Removing gd32e50x_rcu.o(.ARM.exidx.text.rcu_flag_get), (8 bytes).
    Removing gd32e50x_rcu.o(.text.rcu_all_reset_flag_clear), (18 bytes).
    Removing gd32e50x_rcu.o(.ARM.exidx.text.rcu_all_reset_flag_clear), (8 bytes).
    Removing gd32e50x_rcu.o(.text.rcu_interrupt_flag_get), (62 bytes).
    Removing gd32e50x_rcu.o(.ARM.exidx.text.rcu_interrupt_flag_get), (8 bytes).
    Removing gd32e50x_rcu.o(.text.rcu_interrupt_flag_clear), (40 bytes).
    Removing gd32e50x_rcu.o(.ARM.exidx.text.rcu_interrupt_flag_clear), (8 bytes).
    Removing gd32e50x_rcu.o(.text.rcu_interrupt_enable), (40 bytes).
    Removing gd32e50x_rcu.o(.ARM.exidx.text.rcu_interrupt_enable), (8 bytes).
    Removing gd32e50x_rcu.o(.text.rcu_interrupt_disable), (40 bytes).
    Removing gd32e50x_rcu.o(.ARM.exidx.text.rcu_interrupt_disable), (8 bytes).
    Removing gd32e50x_rcu.o(.text.rcu_lxtal_drive_capability_config), (36 bytes).
    Removing gd32e50x_rcu.o(.ARM.exidx.text.rcu_lxtal_drive_capability_config), (8 bytes).
    Removing gd32e50x_rcu.o(.text.rcu_osci_on), (40 bytes).
    Removing gd32e50x_rcu.o(.ARM.exidx.text.rcu_osci_on), (8 bytes).
    Removing gd32e50x_rcu.o(.text.rcu_osci_off), (40 bytes).
    Removing gd32e50x_rcu.o(.ARM.exidx.text.rcu_osci_off), (8 bytes).
    Removing gd32e50x_rcu.o(.text.rcu_osci_bypass_mode_enable), (134 bytes).
    Removing gd32e50x_rcu.o(.ARM.exidx.text.rcu_osci_bypass_mode_enable), (8 bytes).
    Removing gd32e50x_rcu.o(.text.rcu_osci_bypass_mode_disable), (134 bytes).
    Removing gd32e50x_rcu.o(.ARM.exidx.text.rcu_osci_bypass_mode_disable), (8 bytes).
    Removing gd32e50x_rcu.o(.text.rcu_hxtal_clock_monitor_enable), (18 bytes).
    Removing gd32e50x_rcu.o(.ARM.exidx.text.rcu_hxtal_clock_monitor_enable), (8 bytes).
    Removing gd32e50x_rcu.o(.text.rcu_hxtal_clock_monitor_disable), (18 bytes).
    Removing gd32e50x_rcu.o(.ARM.exidx.text.rcu_hxtal_clock_monitor_disable), (8 bytes).
    Removing gd32e50x_rcu.o(.text.rcu_irc8m_adjust_value_set), (42 bytes).
    Removing gd32e50x_rcu.o(.ARM.exidx.text.rcu_irc8m_adjust_value_set), (8 bytes).
    Removing gd32e50x_rcu.o(.text.rcu_deepsleep_voltage_set), (28 bytes).
    Removing gd32e50x_rcu.o(.ARM.exidx.text.rcu_deepsleep_voltage_set), (8 bytes).
    Removing gd32e50x_rcu.o(.ARM.exidx.text.rcu_clock_freq_get), (8 bytes).
    Removing gd32e50x_rcu.o(.rodata.cst16), (16 bytes).
    Removing gd32e50x_rcu.o(.rodata.cst8), (16 bytes).
    Removing gd32e50x_fmc.o(.text), (0 bytes).
    Removing gd32e50x_fmc.o(.ARM.exidx.text.fmc_unlock), (8 bytes).
    Removing gd32e50x_fmc.o(.text.fmc_lock), (18 bytes).
    Removing gd32e50x_fmc.o(.ARM.exidx.text.fmc_lock), (8 bytes).
    Removing gd32e50x_fmc.o(.text.fmc_wscnt_set), (36 bytes).
    Removing gd32e50x_fmc.o(.ARM.exidx.text.fmc_wscnt_set), (8 bytes).
    Removing gd32e50x_fmc.o(.text.fmc_prefetch_enable), (18 bytes).
    Removing gd32e50x_fmc.o(.ARM.exidx.text.fmc_prefetch_enable), (8 bytes).
    Removing gd32e50x_fmc.o(.text.fmc_prefetch_disable), (18 bytes).
    Removing gd32e50x_fmc.o(.ARM.exidx.text.fmc_prefetch_disable), (8 bytes).
    Removing gd32e50x_fmc.o(.text.fmc_ibus_enable), (18 bytes).
    Removing gd32e50x_fmc.o(.ARM.exidx.text.fmc_ibus_enable), (8 bytes).
    Removing gd32e50x_fmc.o(.text.fmc_ibus_disable), (18 bytes).
    Removing gd32e50x_fmc.o(.ARM.exidx.text.fmc_ibus_disable), (8 bytes).
    Removing gd32e50x_fmc.o(.text.fmc_ibus_reset), (18 bytes).
    Removing gd32e50x_fmc.o(.ARM.exidx.text.fmc_ibus_reset), (8 bytes).
    Removing gd32e50x_fmc.o(.text.fmc_dbus_enable), (18 bytes).
    Removing gd32e50x_fmc.o(.ARM.exidx.text.fmc_dbus_enable), (8 bytes).
    Removing gd32e50x_fmc.o(.text.fmc_dbus_disable), (18 bytes).
    Removing gd32e50x_fmc.o(.ARM.exidx.text.fmc_dbus_disable), (8 bytes).
    Removing gd32e50x_fmc.o(.text.fmc_dbus_reset), (18 bytes).
    Removing gd32e50x_fmc.o(.ARM.exidx.text.fmc_dbus_reset), (8 bytes).
    Removing gd32e50x_fmc.o(.ARM.exidx.text.fmc_page_erase), (8 bytes).
    Removing gd32e50x_fmc.o(.ARM.exidx.text.fmc_ready_wait), (8 bytes).
    Removing gd32e50x_fmc.o(.text.fmc_mass_erase), (82 bytes).
    Removing gd32e50x_fmc.o(.ARM.exidx.text.fmc_mass_erase), (8 bytes).
    Removing gd32e50x_fmc.o(.ARM.exidx.text.fmc_word_program), (8 bytes).
    Removing gd32e50x_fmc.o(.text.ob_unlock), (50 bytes).
    Removing gd32e50x_fmc.o(.ARM.exidx.text.ob_unlock), (8 bytes).
    Removing gd32e50x_fmc.o(.text.ob_lock), (18 bytes).
    Removing gd32e50x_fmc.o(.ARM.exidx.text.ob_lock), (8 bytes).
    Removing gd32e50x_fmc.o(.text.ob_erase), (206 bytes).
    Removing gd32e50x_fmc.o(.ARM.exidx.text.ob_erase), (8 bytes).
    Removing gd32e50x_fmc.o(.text.ob_security_protection_flag_get), (50 bytes).
    Removing gd32e50x_fmc.o(.ARM.exidx.text.ob_security_protection_flag_get), (8 bytes).
    Removing gd32e50x_fmc.o(.text.ob_write_protection_enable), (350 bytes).
    Removing gd32e50x_fmc.o(.ARM.exidx.text.ob_write_protection_enable), (8 bytes).
    Removing gd32e50x_fmc.o(.text.ob_security_protection_config), (326 bytes).
    Removing gd32e50x_fmc.o(.ARM.exidx.text.ob_security_protection_config), (8 bytes).
    Removing gd32e50x_fmc.o(.text.ob_user_write), (356 bytes).
    Removing gd32e50x_fmc.o(.ARM.exidx.text.ob_user_write), (8 bytes).
    Removing gd32e50x_fmc.o(.text.ob_data_program), (332 bytes).
    Removing gd32e50x_fmc.o(.ARM.exidx.text.ob_data_program), (8 bytes).
    Removing gd32e50x_fmc.o(.text.ob_user_get), (16 bytes).
    Removing gd32e50x_fmc.o(.ARM.exidx.text.ob_user_get), (8 bytes).
    Removing gd32e50x_fmc.o(.text.ob_data_get), (16 bytes).
    Removing gd32e50x_fmc.o(.ARM.exidx.text.ob_data_get), (8 bytes).
    Removing gd32e50x_fmc.o(.text.ob_write_protection_get), (12 bytes).
    Removing gd32e50x_fmc.o(.ARM.exidx.text.ob_write_protection_get), (8 bytes).
    Removing gd32e50x_fmc.o(.text.fmc_flag_get), (44 bytes).
    Removing gd32e50x_fmc.o(.ARM.exidx.text.fmc_flag_get), (8 bytes).
    Removing gd32e50x_fmc.o(.text.fmc_flag_clear), (20 bytes).
    Removing gd32e50x_fmc.o(.ARM.exidx.text.fmc_flag_clear), (8 bytes).
    Removing gd32e50x_fmc.o(.text.fmc_interrupt_enable), (24 bytes).
    Removing gd32e50x_fmc.o(.ARM.exidx.text.fmc_interrupt_enable), (8 bytes).
    Removing gd32e50x_fmc.o(.text.fmc_interrupt_disable), (24 bytes).
    Removing gd32e50x_fmc.o(.ARM.exidx.text.fmc_interrupt_disable), (8 bytes).
    Removing gd32e50x_fmc.o(.text.fmc_interrupt_flag_get), (44 bytes).
    Removing gd32e50x_fmc.o(.ARM.exidx.text.fmc_interrupt_flag_get), (8 bytes).
    Removing gd32e50x_fmc.o(.text.fmc_interrupt_flag_clear), (20 bytes).
    Removing gd32e50x_fmc.o(.ARM.exidx.text.fmc_interrupt_flag_clear), (8 bytes).
    Removing gd32e50x_fmc.o(.ARM.exidx.text.fmc_state_get), (8 bytes).
    Removing gd32e50x_fwdgt.o(.text), (0 bytes).
    Removing gd32e50x_fwdgt.o(.text.fwdgt_write_enable), (16 bytes).
    Removing gd32e50x_fwdgt.o(.ARM.exidx.text.fwdgt_write_enable), (8 bytes).
    Removing gd32e50x_fwdgt.o(.text.fwdgt_write_disable), (14 bytes).
    Removing gd32e50x_fwdgt.o(.ARM.exidx.text.fwdgt_write_disable), (8 bytes).
    Removing gd32e50x_fwdgt.o(.text.fwdgt_enable), (16 bytes).
    Removing gd32e50x_fwdgt.o(.ARM.exidx.text.fwdgt_enable), (8 bytes).
    Removing gd32e50x_fwdgt.o(.text.fwdgt_prescaler_value_config), (134 bytes).
    Removing gd32e50x_fwdgt.o(.ARM.exidx.text.fwdgt_prescaler_value_config), (8 bytes).
    Removing gd32e50x_fwdgt.o(.text.fwdgt_reload_value_config), (138 bytes).
    Removing gd32e50x_fwdgt.o(.ARM.exidx.text.fwdgt_reload_value_config), (8 bytes).
    Removing gd32e50x_fwdgt.o(.text.fwdgt_config), (250 bytes).
    Removing gd32e50x_fwdgt.o(.ARM.exidx.text.fwdgt_config), (8 bytes).
    Removing gd32e50x_fwdgt.o(.text.fwdgt_counter_reload), (16 bytes).
    Removing gd32e50x_fwdgt.o(.ARM.exidx.text.fwdgt_counter_reload), (8 bytes).
    Removing gd32e50x_fwdgt.o(.text.fwdgt_flag_get), (50 bytes).
    Removing gd32e50x_fwdgt.o(.ARM.exidx.text.fwdgt_flag_get), (8 bytes).
    Removing gd32e50x_gpio.o(.text), (0 bytes).
    Removing gd32e50x_gpio.o(.text.gpio_deinit), (252 bytes).
    Removing gd32e50x_gpio.o(.ARM.exidx.text.gpio_deinit), (8 bytes).
    Removing gd32e50x_gpio.o(.text.gpio_afio_deinit), (24 bytes).
    Removing gd32e50x_gpio.o(.ARM.exidx.text.gpio_afio_deinit), (8 bytes).
    Removing gd32e50x_gpio.o(.ARM.exidx.text.gpio_init), (8 bytes).
    Removing gd32e50x_gpio.o(.ARM.exidx.text.gpio_bit_set), (8 bytes).
    Removing gd32e50x_gpio.o(.ARM.exidx.text.gpio_bit_reset), (8 bytes).
    Removing gd32e50x_gpio.o(.ARM.exidx.text.gpio_bit_write), (8 bytes).
    Removing gd32e50x_gpio.o(.text.gpio_port_write), (20 bytes).
    Removing gd32e50x_gpio.o(.ARM.exidx.text.gpio_port_write), (8 bytes).
    Removing gd32e50x_gpio.o(.text.gpio_input_bit_get), (42 bytes).
    Removing gd32e50x_gpio.o(.ARM.exidx.text.gpio_input_bit_get), (8 bytes).
    Removing gd32e50x_gpio.o(.text.gpio_input_port_get), (14 bytes).
    Removing gd32e50x_gpio.o(.ARM.exidx.text.gpio_input_port_get), (8 bytes).
    Removing gd32e50x_gpio.o(.ARM.exidx.text.gpio_output_bit_get), (8 bytes).
    Removing gd32e50x_gpio.o(.text.gpio_output_port_get), (14 bytes).
    Removing gd32e50x_gpio.o(.ARM.exidx.text.gpio_output_port_get), (8 bytes).
    Removing gd32e50x_gpio.o(.text.gpio_pin_remap_config), (250 bytes).
    Removing gd32e50x_gpio.o(.ARM.exidx.text.gpio_pin_remap_config), (8 bytes).
    Removing gd32e50x_gpio.o(.text.gpio_afio_port_config), (164 bytes).
    Removing gd32e50x_gpio.o(.ARM.exidx.text.gpio_afio_port_config), (8 bytes).
    Removing gd32e50x_gpio.o(.text.gpio_exti_source_select), (228 bytes).
    Removing gd32e50x_gpio.o(.ARM.exidx.text.gpio_exti_source_select), (8 bytes).
    Removing gd32e50x_gpio.o(.text.gpio_event_output_config), (62 bytes).
    Removing gd32e50x_gpio.o(.ARM.exidx.text.gpio_event_output_config), (8 bytes).
    Removing gd32e50x_gpio.o(.text.gpio_event_output_enable), (16 bytes).
    Removing gd32e50x_gpio.o(.ARM.exidx.text.gpio_event_output_enable), (8 bytes).
    Removing gd32e50x_gpio.o(.text.gpio_event_output_disable), (16 bytes).
    Removing gd32e50x_gpio.o(.ARM.exidx.text.gpio_event_output_disable), (8 bytes).
    Removing gd32e50x_gpio.o(.text.gpio_pin_lock), (54 bytes).
    Removing gd32e50x_gpio.o(.ARM.exidx.text.gpio_pin_lock), (8 bytes).
    Removing gd32e50x_gpio.o(.text.gpio_compensation_config), (34 bytes).
    Removing gd32e50x_gpio.o(.ARM.exidx.text.gpio_compensation_config), (8 bytes).
    Removing gd32e50x_gpio.o(.text.gpio_compensation_flag_get), (42 bytes).
    Removing gd32e50x_gpio.o(.ARM.exidx.text.gpio_compensation_flag_get), (8 bytes).
    Removing gd32e50x_misc.o(.text), (0 bytes).
    Removing gd32e50x_misc.o(.text.nvic_priority_group_set), (28 bytes).
    Removing gd32e50x_misc.o(.ARM.exidx.text.nvic_priority_group_set), (8 bytes).
    Removing gd32e50x_misc.o(.text.nvic_irq_enable), (298 bytes).
    Removing gd32e50x_misc.o(.ARM.exidx.text.nvic_irq_enable), (8 bytes).
    Removing gd32e50x_misc.o(.text.nvic_irq_disable), (20 bytes).
    Removing gd32e50x_misc.o(.ARM.exidx.text.nvic_irq_disable), (8 bytes).
    Removing gd32e50x_misc.o(.text.__NVIC_DisableIRQ), (56 bytes).
    Removing gd32e50x_misc.o(.ARM.exidx.text.__NVIC_DisableIRQ), (8 bytes).
    Removing gd32e50x_misc.o(.text.nvic_system_reset), (4 bytes).
    Removing gd32e50x_misc.o(.ARM.exidx.text.nvic_system_reset), (8 bytes).
    Removing gd32e50x_misc.o(.text.__NVIC_SystemReset), (38 bytes).
    Removing gd32e50x_misc.o(.ARM.exidx.text.__NVIC_SystemReset), (8 bytes).
    Removing gd32e50x_misc.o(.ARM.exidx.text.nvic_vector_table_set), (8 bytes).
    Removing gd32e50x_misc.o(.text.system_lowpower_set), (28 bytes).
    Removing gd32e50x_misc.o(.ARM.exidx.text.system_lowpower_set), (8 bytes).
    Removing gd32e50x_misc.o(.text.system_lowpower_reset), (28 bytes).
    Removing gd32e50x_misc.o(.ARM.exidx.text.system_lowpower_reset), (8 bytes).
    Removing gd32e50x_misc.o(.text.systick_clksource_set), (52 bytes).
    Removing gd32e50x_misc.o(.ARM.exidx.text.systick_clksource_set), (8 bytes).
    Removing gd32e50x_timer.o(.text), (0 bytes).
    Removing gd32e50x_timer.o(.text.timer_deinit), (280 bytes).
    Removing gd32e50x_timer.o(.ARM.exidx.text.timer_deinit), (8 bytes).
    Removing gd32e50x_timer.o(.text.timer_struct_para_init), (38 bytes).
    Removing gd32e50x_timer.o(.ARM.exidx.text.timer_struct_para_init), (8 bytes).
    Removing gd32e50x_timer.o(.text.timer_init), (272 bytes).
    Removing gd32e50x_timer.o(.ARM.exidx.text.timer_init), (8 bytes).
    Removing gd32e50x_timer.o(.text.timer_enable), (18 bytes).
    Removing gd32e50x_timer.o(.ARM.exidx.text.timer_enable), (8 bytes).
    Removing gd32e50x_timer.o(.text.timer_disable), (18 bytes).
    Removing gd32e50x_timer.o(.ARM.exidx.text.timer_disable), (8 bytes).
    Removing gd32e50x_timer.o(.text.timer_auto_reload_shadow_enable), (18 bytes).
    Removing gd32e50x_timer.o(.ARM.exidx.text.timer_auto_reload_shadow_enable), (8 bytes).
    Removing gd32e50x_timer.o(.text.timer_auto_reload_shadow_disable), (18 bytes).
    Removing gd32e50x_timer.o(.ARM.exidx.text.timer_auto_reload_shadow_disable), (8 bytes).
    Removing gd32e50x_timer.o(.text.timer_update_event_enable), (18 bytes).
    Removing gd32e50x_timer.o(.ARM.exidx.text.timer_update_event_enable), (8 bytes).
    Removing gd32e50x_timer.o(.text.timer_update_event_disable), (18 bytes).
    Removing gd32e50x_timer.o(.ARM.exidx.text.timer_update_event_disable), (8 bytes).
    Removing gd32e50x_timer.o(.text.timer_counter_alignment), (34 bytes).
    Removing gd32e50x_timer.o(.ARM.exidx.text.timer_counter_alignment), (8 bytes).
    Removing gd32e50x_timer.o(.text.timer_counter_up_direction), (18 bytes).
    Removing gd32e50x_timer.o(.ARM.exidx.text.timer_counter_up_direction), (8 bytes).
    Removing gd32e50x_timer.o(.text.timer_counter_down_direction), (18 bytes).
    Removing gd32e50x_timer.o(.ARM.exidx.text.timer_counter_down_direction), (8 bytes).
    Removing gd32e50x_timer.o(.text.timer_prescaler_config), (40 bytes).
    Removing gd32e50x_timer.o(.ARM.exidx.text.timer_prescaler_config), (8 bytes).
    Removing gd32e50x_timer.o(.text.timer_repetition_value_config), (20 bytes).
    Removing gd32e50x_timer.o(.ARM.exidx.text.timer_repetition_value_config), (8 bytes).
    Removing gd32e50x_timer.o(.text.timer_autoreload_value_config), (16 bytes).
    Removing gd32e50x_timer.o(.ARM.exidx.text.timer_autoreload_value_config), (8 bytes).
    Removing gd32e50x_timer.o(.text.timer_counter_value_config), (16 bytes).
    Removing gd32e50x_timer.o(.ARM.exidx.text.timer_counter_value_config), (8 bytes).
    Removing gd32e50x_timer.o(.text.timer_counter_read), (20 bytes).
    Removing gd32e50x_timer.o(.ARM.exidx.text.timer_counter_read), (8 bytes).
    Removing gd32e50x_timer.o(.text.timer_prescaler_read), (26 bytes).
    Removing gd32e50x_timer.o(.ARM.exidx.text.timer_prescaler_read), (8 bytes).
    Removing gd32e50x_timer.o(.text.timer_single_pulse_mode_config), (52 bytes).
    Removing gd32e50x_timer.o(.ARM.exidx.text.timer_single_pulse_mode_config), (8 bytes).
    Removing gd32e50x_timer.o(.text.timer_update_source_config), (52 bytes).
    Removing gd32e50x_timer.o(.ARM.exidx.text.timer_update_source_config), (8 bytes).
    Removing gd32e50x_timer.o(.text.timer_dma_enable), (24 bytes).
    Removing gd32e50x_timer.o(.ARM.exidx.text.timer_dma_enable), (8 bytes).
    Removing gd32e50x_timer.o(.text.timer_dma_disable), (24 bytes).
    Removing gd32e50x_timer.o(.ARM.exidx.text.timer_dma_disable), (8 bytes).
    Removing gd32e50x_timer.o(.text.timer_channel_dma_request_source_select), (52 bytes).
    Removing gd32e50x_timer.o(.ARM.exidx.text.timer_channel_dma_request_source_select), (8 bytes).
    Removing gd32e50x_timer.o(.text.timer_dma_transfer_config), (40 bytes).
    Removing gd32e50x_timer.o(.ARM.exidx.text.timer_dma_transfer_config), (8 bytes).
    Removing gd32e50x_timer.o(.text.timer_event_software_generate), (24 bytes).
    Removing gd32e50x_timer.o(.ARM.exidx.text.timer_event_software_generate), (8 bytes).
    Removing gd32e50x_timer.o(.text.timer_break_struct_para_init), (38 bytes).
    Removing gd32e50x_timer.o(.ARM.exidx.text.timer_break_struct_para_init), (8 bytes).
    Removing gd32e50x_timer.o(.text.timer_break_config), (42 bytes).
    Removing gd32e50x_timer.o(.ARM.exidx.text.timer_break_config), (8 bytes).
    Removing gd32e50x_timer.o(.text.timer_break_enable), (18 bytes).
    Removing gd32e50x_timer.o(.ARM.exidx.text.timer_break_enable), (8 bytes).
    Removing gd32e50x_timer.o(.text.timer_break_disable), (18 bytes).
    Removing gd32e50x_timer.o(.ARM.exidx.text.timer_break_disable), (8 bytes).
    Removing gd32e50x_timer.o(.text.timer_automatic_output_enable), (18 bytes).
    Removing gd32e50x_timer.o(.ARM.exidx.text.timer_automatic_output_enable), (8 bytes).
    Removing gd32e50x_timer.o(.text.timer_automatic_output_disable), (18 bytes).
    Removing gd32e50x_timer.o(.ARM.exidx.text.timer_automatic_output_disable), (8 bytes).
    Removing gd32e50x_timer.o(.text.timer_primary_output_config), (46 bytes).
    Removing gd32e50x_timer.o(.ARM.exidx.text.timer_primary_output_config), (8 bytes).
    Removing gd32e50x_timer.o(.text.timer_channel_control_shadow_config), (46 bytes).
    Removing gd32e50x_timer.o(.ARM.exidx.text.timer_channel_control_shadow_config), (8 bytes).
    Removing gd32e50x_timer.o(.text.timer_channel_control_shadow_update_config), (52 bytes).
    Removing gd32e50x_timer.o(.ARM.exidx.text.timer_channel_control_shadow_update_config), (8 bytes).
    Removing gd32e50x_timer.o(.text.timer_channel_output_struct_para_init), (34 bytes).
    Removing gd32e50x_timer.o(.ARM.exidx.text.timer_channel_output_struct_para_init), (8 bytes).
    Removing gd32e50x_timer.o(.text.timer_channel_output_config), (720 bytes).
    Removing gd32e50x_timer.o(.ARM.exidx.text.timer_channel_output_config), (8 bytes).
    Removing gd32e50x_timer.o(.text.timer_channel_output_mode_config), (140 bytes).
    Removing gd32e50x_timer.o(.ARM.exidx.text.timer_channel_output_mode_config), (8 bytes).
    Removing gd32e50x_timer.o(.text.timer_channel_output_pulse_value_config), (70 bytes).
    Removing gd32e50x_timer.o(.ARM.exidx.text.timer_channel_output_pulse_value_config), (8 bytes).
    Removing gd32e50x_timer.o(.text.timer_channel_output_shadow_config), (140 bytes).
    Removing gd32e50x_timer.o(.ARM.exidx.text.timer_channel_output_shadow_config), (8 bytes).
    Removing gd32e50x_timer.o(.text.timer_channel_output_fast_config), (140 bytes).
    Removing gd32e50x_timer.o(.ARM.exidx.text.timer_channel_output_fast_config), (8 bytes).
    Removing gd32e50x_timer.o(.text.timer_channel_output_clear_config), (140 bytes).
    Removing gd32e50x_timer.o(.ARM.exidx.text.timer_channel_output_clear_config), (8 bytes).
    Removing gd32e50x_timer.o(.text.timer_channel_output_polarity_config), (142 bytes).
    Removing gd32e50x_timer.o(.ARM.exidx.text.timer_channel_output_polarity_config), (8 bytes).
    Removing gd32e50x_timer.o(.text.timer_channel_complementary_output_polarity_config), (122 bytes).
    Removing gd32e50x_timer.o(.ARM.exidx.text.timer_channel_complementary_output_polarity_config), (8 bytes).
    Removing gd32e50x_timer.o(.text.timer_channel_output_state_config), (132 bytes).
    Removing gd32e50x_timer.o(.ARM.exidx.text.timer_channel_output_state_config), (8 bytes).
    Removing gd32e50x_timer.o(.text.timer_channel_complementary_output_state_config), (122 bytes).
    Removing gd32e50x_timer.o(.ARM.exidx.text.timer_channel_complementary_output_state_config), (8 bytes).
    Removing gd32e50x_timer.o(.text.timer_channel_input_struct_para_init), (28 bytes).
    Removing gd32e50x_timer.o(.ARM.exidx.text.timer_channel_input_struct_para_init), (8 bytes).
    Removing gd32e50x_timer.o(.text.timer_input_capture_config), (426 bytes).
    Removing gd32e50x_timer.o(.ARM.exidx.text.timer_input_capture_config), (8 bytes).
    Removing gd32e50x_timer.o(.text.timer_channel_input_capture_prescaler_config), (140 bytes).
    Removing gd32e50x_timer.o(.ARM.exidx.text.timer_channel_input_capture_prescaler_config), (8 bytes).
    Removing gd32e50x_timer.o(.text.timer_channel_capture_value_register_read), (74 bytes).
    Removing gd32e50x_timer.o(.ARM.exidx.text.timer_channel_capture_value_register_read), (8 bytes).
    Removing gd32e50x_timer.o(.text.timer_input_pwm_capture_config), (498 bytes).
    Removing gd32e50x_timer.o(.ARM.exidx.text.timer_input_pwm_capture_config), (8 bytes).
    Removing gd32e50x_timer.o(.text.timer_hall_mode_config), (52 bytes).
    Removing gd32e50x_timer.o(.ARM.exidx.text.timer_hall_mode_config), (8 bytes).
    Removing gd32e50x_timer.o(.text.timer_input_trigger_source_select), (30 bytes).
    Removing gd32e50x_timer.o(.ARM.exidx.text.timer_input_trigger_source_select), (8 bytes).
    Removing gd32e50x_timer.o(.text.timer_master_output_trigger_source_select), (30 bytes).
    Removing gd32e50x_timer.o(.ARM.exidx.text.timer_master_output_trigger_source_select), (8 bytes).
    Removing gd32e50x_timer.o(.text.timer_slave_mode_select), (30 bytes).
    Removing gd32e50x_timer.o(.ARM.exidx.text.timer_slave_mode_select), (8 bytes).
    Removing gd32e50x_timer.o(.text.timer_master_slave_mode_config), (52 bytes).
    Removing gd32e50x_timer.o(.ARM.exidx.text.timer_master_slave_mode_config), (8 bytes).
    Removing gd32e50x_timer.o(.text.timer_external_trigger_config), (52 bytes).
    Removing gd32e50x_timer.o(.ARM.exidx.text.timer_external_trigger_config), (8 bytes).
    Removing gd32e50x_timer.o(.text.timer_quadrature_decoder_mode_config), (102 bytes).
    Removing gd32e50x_timer.o(.ARM.exidx.text.timer_quadrature_decoder_mode_config), (8 bytes).
    Removing gd32e50x_timer.o(.text.timer_internal_clock_config), (18 bytes).
    Removing gd32e50x_timer.o(.ARM.exidx.text.timer_internal_clock_config), (8 bytes).
    Removing gd32e50x_timer.o(.text.timer_internal_trigger_as_external_clock_config), (40 bytes).
    Removing gd32e50x_timer.o(.ARM.exidx.text.timer_internal_trigger_as_external_clock_config), (8 bytes).
    Removing gd32e50x_timer.o(.text.timer_external_trigger_as_external_clock_config), (228 bytes).
    Removing gd32e50x_timer.o(.ARM.exidx.text.timer_external_trigger_as_external_clock_config), (8 bytes).
    Removing gd32e50x_timer.o(.text.timer_external_clock_mode0_config), (48 bytes).
    Removing gd32e50x_timer.o(.ARM.exidx.text.timer_external_clock_mode0_config), (8 bytes).
    Removing gd32e50x_timer.o(.text.timer_external_clock_mode1_config), (38 bytes).
    Removing gd32e50x_timer.o(.ARM.exidx.text.timer_external_clock_mode1_config), (8 bytes).
    Removing gd32e50x_timer.o(.text.timer_external_clock_mode1_disable), (18 bytes).
    Removing gd32e50x_timer.o(.ARM.exidx.text.timer_external_clock_mode1_disable), (8 bytes).
    Removing gd32e50x_timer.o(.text.timer_write_chxval_register_config), (66 bytes).
    Removing gd32e50x_timer.o(.ARM.exidx.text.timer_write_chxval_register_config), (8 bytes).
    Removing gd32e50x_timer.o(.text.timer_output_value_selection_config), (66 bytes).
    Removing gd32e50x_timer.o(.ARM.exidx.text.timer_output_value_selection_config), (8 bytes).
    Removing gd32e50x_timer.o(.text.timer_flag_get), (42 bytes).
    Removing gd32e50x_timer.o(.ARM.exidx.text.timer_flag_get), (8 bytes).
    Removing gd32e50x_timer.o(.text.timer_flag_clear), (18 bytes).
    Removing gd32e50x_timer.o(.ARM.exidx.text.timer_flag_clear), (8 bytes).
    Removing gd32e50x_timer.o(.text.timer_interrupt_enable), (20 bytes).
    Removing gd32e50x_timer.o(.ARM.exidx.text.timer_interrupt_enable), (8 bytes).
    Removing gd32e50x_timer.o(.text.timer_interrupt_disable), (20 bytes).
    Removing gd32e50x_timer.o(.ARM.exidx.text.timer_interrupt_disable), (8 bytes).
    Removing gd32e50x_timer.o(.text.timer_interrupt_flag_get), (58 bytes).
    Removing gd32e50x_timer.o(.ARM.exidx.text.timer_interrupt_flag_get), (8 bytes).
    Removing gd32e50x_timer.o(.text.timer_interrupt_flag_clear), (18 bytes).
    Removing gd32e50x_timer.o(.ARM.exidx.text.timer_interrupt_flag_clear), (8 bytes).
    Removing gd32e50x_usart.o(.text), (0 bytes).
    Removing gd32e50x_usart.o(.ARM.exidx.text.usart_deinit), (8 bytes).
    Removing gd32e50x_usart.o(.ARM.exidx.text.usart_baudrate_set), (8 bytes).
    Removing gd32e50x_usart.o(.text.usart_parity_config), (88 bytes).
    Removing gd32e50x_usart.o(.ARM.exidx.text.usart_parity_config), (8 bytes).
    Removing gd32e50x_usart.o(.text.usart_word_length_set), (88 bytes).
    Removing gd32e50x_usart.o(.ARM.exidx.text.usart_word_length_set), (8 bytes).
    Removing gd32e50x_usart.o(.text.usart_stop_bit_set), (88 bytes).
    Removing gd32e50x_usart.o(.ARM.exidx.text.usart_stop_bit_set), (8 bytes).
    Removing gd32e50x_usart.o(.ARM.exidx.text.usart_enable), (8 bytes).
    Removing gd32e50x_usart.o(.text.usart_disable), (48 bytes).
    Removing gd32e50x_usart.o(.ARM.exidx.text.usart_disable), (8 bytes).
    Removing gd32e50x_usart.o(.ARM.exidx.text.usart_transmit_config), (8 bytes).
    Removing gd32e50x_usart.o(.ARM.exidx.text.usart_receive_config), (8 bytes).
    Removing gd32e50x_usart.o(.text.usart_oversample_config), (88 bytes).
    Removing gd32e50x_usart.o(.ARM.exidx.text.usart_oversample_config), (8 bytes).
    Removing gd32e50x_usart.o(.text.usart_sample_bit_config), (88 bytes).
    Removing gd32e50x_usart.o(.ARM.exidx.text.usart_sample_bit_config), (8 bytes).
    Removing gd32e50x_usart.o(.text.usart_receiver_timeout_enable), (52 bytes).
    Removing gd32e50x_usart.o(.ARM.exidx.text.usart_receiver_timeout_enable), (8 bytes).
    Removing gd32e50x_usart.o(.text.usart_receiver_timeout_disable), (52 bytes).
    Removing gd32e50x_usart.o(.ARM.exidx.text.usart_receiver_timeout_disable), (8 bytes).
    Removing gd32e50x_usart.o(.text.usart_receiver_timeout_threshold_config), (86 bytes).
    Removing gd32e50x_usart.o(.ARM.exidx.text.usart_receiver_timeout_threshold_config), (8 bytes).
    Removing gd32e50x_usart.o(.ARM.exidx.text.usart_data_transmit), (8 bytes).
    Removing gd32e50x_usart.o(.ARM.exidx.text.usart_data_receive), (8 bytes).
    Removing gd32e50x_usart.o(.text.usart_mute_mode_enable), (48 bytes).
    Removing gd32e50x_usart.o(.ARM.exidx.text.usart_mute_mode_enable), (8 bytes).
    Removing gd32e50x_usart.o(.text.usart_mute_mode_disable), (48 bytes).
    Removing gd32e50x_usart.o(.ARM.exidx.text.usart_mute_mode_disable), (8 bytes).
    Removing gd32e50x_usart.o(.text.usart_mute_mode_wakeup_config), (88 bytes).
    Removing gd32e50x_usart.o(.ARM.exidx.text.usart_mute_mode_wakeup_config), (8 bytes).
    Removing gd32e50x_usart.o(.text.usart_lin_mode_enable), (58 bytes).
    Removing gd32e50x_usart.o(.ARM.exidx.text.usart_lin_mode_enable), (8 bytes).
    Removing gd32e50x_usart.o(.text.usart_lin_mode_disable), (58 bytes).
    Removing gd32e50x_usart.o(.ARM.exidx.text.usart_lin_mode_disable), (8 bytes).
    Removing gd32e50x_usart.o(.text.usart_lin_break_detection_length_config), (88 bytes).
    Removing gd32e50x_usart.o(.ARM.exidx.text.usart_lin_break_detection_length_config), (8 bytes).
    Removing gd32e50x_usart.o(.text.usart_halfduplex_enable), (58 bytes).
    Removing gd32e50x_usart.o(.ARM.exidx.text.usart_halfduplex_enable), (8 bytes).
    Removing gd32e50x_usart.o(.text.usart_halfduplex_disable), (58 bytes).
    Removing gd32e50x_usart.o(.ARM.exidx.text.usart_halfduplex_disable), (8 bytes).
    Removing gd32e50x_usart.o(.text.usart_synchronous_clock_enable), (58 bytes).
    Removing gd32e50x_usart.o(.ARM.exidx.text.usart_synchronous_clock_enable), (8 bytes).
    Removing gd32e50x_usart.o(.text.usart_synchronous_clock_disable), (58 bytes).
    Removing gd32e50x_usart.o(.ARM.exidx.text.usart_synchronous_clock_disable), (8 bytes).
    Removing gd32e50x_usart.o(.text.usart_synchronous_clock_config), (144 bytes).
    Removing gd32e50x_usart.o(.ARM.exidx.text.usart_synchronous_clock_config), (8 bytes).
    Removing gd32e50x_usart.o(.text.usart_guard_time_config), (88 bytes).
    Removing gd32e50x_usart.o(.ARM.exidx.text.usart_guard_time_config), (8 bytes).
    Removing gd32e50x_usart.o(.text.usart_smartcard_mode_enable), (58 bytes).
    Removing gd32e50x_usart.o(.ARM.exidx.text.usart_smartcard_mode_enable), (8 bytes).
    Removing gd32e50x_usart.o(.text.usart_smartcard_mode_disable), (58 bytes).
    Removing gd32e50x_usart.o(.ARM.exidx.text.usart_smartcard_mode_disable), (8 bytes).
    Removing gd32e50x_usart.o(.text.usart_smartcard_mode_nack_enable), (58 bytes).
    Removing gd32e50x_usart.o(.ARM.exidx.text.usart_smartcard_mode_nack_enable), (8 bytes).
    Removing gd32e50x_usart.o(.text.usart_smartcard_mode_nack_disable), (58 bytes).
    Removing gd32e50x_usart.o(.ARM.exidx.text.usart_smartcard_mode_nack_disable), (8 bytes).
    Removing gd32e50x_usart.o(.text.usart_smartcard_autoretry_config), (100 bytes).
    Removing gd32e50x_usart.o(.ARM.exidx.text.usart_smartcard_autoretry_config), (8 bytes).
    Removing gd32e50x_usart.o(.text.usart_block_length_config), (82 bytes).
    Removing gd32e50x_usart.o(.ARM.exidx.text.usart_block_length_config), (8 bytes).
    Removing gd32e50x_usart.o(.text.usart_irda_mode_enable), (58 bytes).
    Removing gd32e50x_usart.o(.ARM.exidx.text.usart_irda_mode_enable), (8 bytes).
    Removing gd32e50x_usart.o(.text.usart_irda_mode_disable), (58 bytes).
    Removing gd32e50x_usart.o(.ARM.exidx.text.usart_irda_mode_disable), (8 bytes).
    Removing gd32e50x_usart.o(.text.usart_prescaler_config), (86 bytes).
    Removing gd32e50x_usart.o(.ARM.exidx.text.usart_prescaler_config), (8 bytes).
    Removing gd32e50x_usart.o(.text.usart_irda_lowpower_config), (88 bytes).
    Removing gd32e50x_usart.o(.ARM.exidx.text.usart_irda_lowpower_config), (8 bytes).
    Removing gd32e50x_usart.o(.text.usart_hardware_flow_rts_config), (108 bytes).
    Removing gd32e50x_usart.o(.ARM.exidx.text.usart_hardware_flow_rts_config), (8 bytes).
    Removing gd32e50x_usart.o(.text.usart_hardware_flow_cts_config), (108 bytes).
    Removing gd32e50x_usart.o(.ARM.exidx.text.usart_hardware_flow_cts_config), (8 bytes).
    Removing gd32e50x_usart.o(.text.usart_dma_receive_config), (98 bytes).
    Removing gd32e50x_usart.o(.ARM.exidx.text.usart_dma_receive_config), (8 bytes).
    Removing gd32e50x_usart.o(.text.usart_dma_transmit_config), (98 bytes).
    Removing gd32e50x_usart.o(.ARM.exidx.text.usart_dma_transmit_config), (8 bytes).
    Removing gd32e50x_usart.o(.text.usart_data_first_config), (50 bytes).
    Removing gd32e50x_usart.o(.ARM.exidx.text.usart_data_first_config), (8 bytes).
    Removing gd32e50x_usart.o(.text.usart_invert_config), (134 bytes).
    Removing gd32e50x_usart.o(.ARM.exidx.text.usart_invert_config), (8 bytes).
    Removing gd32e50x_usart.o(.text.usart_address_config), (38 bytes).
    Removing gd32e50x_usart.o(.ARM.exidx.text.usart_address_config), (8 bytes).
    Removing gd32e50x_usart.o(.text.usart_send_break), (18 bytes).
    Removing gd32e50x_usart.o(.ARM.exidx.text.usart_send_break), (8 bytes).
    Removing gd32e50x_usart.o(.text.usart_collision_detected_interrupt_enable), (22 bytes).
    Removing gd32e50x_usart.o(.ARM.exidx.text.usart_collision_detected_interrupt_enable), (8 bytes).
    Removing gd32e50x_usart.o(.text.usart_collision_detected_interrupt_disable), (22 bytes).
    Removing gd32e50x_usart.o(.ARM.exidx.text.usart_collision_detected_interrupt_disable), (8 bytes).
    Removing gd32e50x_usart.o(.text.usart_collision_detection_enable), (22 bytes).
    Removing gd32e50x_usart.o(.ARM.exidx.text.usart_collision_detection_enable), (8 bytes).
    Removing gd32e50x_usart.o(.text.usart_collision_detection_disable), (22 bytes).
    Removing gd32e50x_usart.o(.ARM.exidx.text.usart_collision_detection_disable), (8 bytes).
    Removing gd32e50x_usart.o(.ARM.exidx.text.usart_flag_get), (8 bytes).
    Removing gd32e50x_usart.o(.text.usart_flag_clear), (36 bytes).
    Removing gd32e50x_usart.o(.ARM.exidx.text.usart_flag_clear), (8 bytes).
    Removing gd32e50x_usart.o(.text.usart_interrupt_enable), (36 bytes).
    Removing gd32e50x_usart.o(.ARM.exidx.text.usart_interrupt_enable), (8 bytes).
    Removing gd32e50x_usart.o(.text.usart_interrupt_disable), (36 bytes).
    Removing gd32e50x_usart.o(.ARM.exidx.text.usart_interrupt_disable), (8 bytes).
    Removing gd32e50x_usart.o(.text.usart_interrupt_flag_get), (94 bytes).
    Removing gd32e50x_usart.o(.ARM.exidx.text.usart_interrupt_flag_get), (8 bytes).
    Removing gd32e50x_usart.o(.text.usart_interrupt_flag_clear), (32 bytes).
    Removing gd32e50x_usart.o(.ARM.exidx.text.usart_interrupt_flag_clear), (8 bytes).
    Removing gd32e50x_usart.o(.text.usart5_data_first_config), (56 bytes).
    Removing gd32e50x_usart.o(.ARM.exidx.text.usart5_data_first_config), (8 bytes).
    Removing gd32e50x_usart.o(.text.usart5_invert_config), (136 bytes).
    Removing gd32e50x_usart.o(.ARM.exidx.text.usart5_invert_config), (8 bytes).
    Removing gd32e50x_usart.o(.text.usart5_overrun_enable), (28 bytes).
    Removing gd32e50x_usart.o(.ARM.exidx.text.usart5_overrun_enable), (8 bytes).
    Removing gd32e50x_usart.o(.text.usart5_overrun_disable), (28 bytes).
    Removing gd32e50x_usart.o(.ARM.exidx.text.usart5_overrun_disable), (8 bytes).
    Removing gd32e50x_usart.o(.text.usart5_autobaud_detection_enable), (18 bytes).
    Removing gd32e50x_usart.o(.ARM.exidx.text.usart5_autobaud_detection_enable), (8 bytes).
    Removing gd32e50x_usart.o(.text.usart5_autobaud_detection_disable), (18 bytes).
    Removing gd32e50x_usart.o(.ARM.exidx.text.usart5_autobaud_detection_disable), (8 bytes).
    Removing gd32e50x_usart.o(.text.usart5_autobaud_detection_mode_config), (34 bytes).
    Removing gd32e50x_usart.o(.ARM.exidx.text.usart5_autobaud_detection_mode_config), (8 bytes).
    Removing gd32e50x_usart.o(.text.usart5_address_config), (46 bytes).
    Removing gd32e50x_usart.o(.ARM.exidx.text.usart5_address_config), (8 bytes).
    Removing gd32e50x_usart.o(.text.usart5_address_detection_mode_config), (44 bytes).
    Removing gd32e50x_usart.o(.ARM.exidx.text.usart5_address_detection_mode_config), (8 bytes).
    Removing gd32e50x_usart.o(.text.usart5_smartcard_mode_early_nack_enable), (22 bytes).
    Removing gd32e50x_usart.o(.ARM.exidx.text.usart5_smartcard_mode_early_nack_enable), (8 bytes).
    Removing gd32e50x_usart.o(.text.usart5_smartcard_mode_early_nack_disable), (22 bytes).
    Removing gd32e50x_usart.o(.ARM.exidx.text.usart5_smartcard_mode_early_nack_disable), (8 bytes).
    Removing gd32e50x_usart.o(.text.usart5_hardware_flow_coherence_config), (42 bytes).
    Removing gd32e50x_usart.o(.ARM.exidx.text.usart5_hardware_flow_coherence_config), (8 bytes).
    Removing gd32e50x_usart.o(.text.usart5_rs485_driver_enable), (28 bytes).
    Removing gd32e50x_usart.o(.ARM.exidx.text.usart5_rs485_driver_enable), (8 bytes).
    Removing gd32e50x_usart.o(.text.usart5_rs485_driver_disable), (28 bytes).
    Removing gd32e50x_usart.o(.ARM.exidx.text.usart5_rs485_driver_disable), (8 bytes).
    Removing gd32e50x_usart.o(.text.usart5_driver_assertime_config), (46 bytes).
    Removing gd32e50x_usart.o(.ARM.exidx.text.usart5_driver_assertime_config), (8 bytes).
    Removing gd32e50x_usart.o(.text.usart5_driver_deassertime_config), (46 bytes).
    Removing gd32e50x_usart.o(.ARM.exidx.text.usart5_driver_deassertime_config), (8 bytes).
    Removing gd32e50x_usart.o(.text.usart5_depolarity_config), (44 bytes).
    Removing gd32e50x_usart.o(.ARM.exidx.text.usart5_depolarity_config), (8 bytes).
    Removing gd32e50x_usart.o(.text.usart5_reception_error_dma_enable), (28 bytes).
    Removing gd32e50x_usart.o(.ARM.exidx.text.usart5_reception_error_dma_enable), (8 bytes).
    Removing gd32e50x_usart.o(.text.usart5_reception_error_dma_disable), (28 bytes).
    Removing gd32e50x_usart.o(.ARM.exidx.text.usart5_reception_error_dma_disable), (8 bytes).
    Removing gd32e50x_usart.o(.text.usart5_wakeup_enable), (18 bytes).
    Removing gd32e50x_usart.o(.ARM.exidx.text.usart5_wakeup_enable), (8 bytes).
    Removing gd32e50x_usart.o(.text.usart5_wakeup_disable), (18 bytes).
    Removing gd32e50x_usart.o(.ARM.exidx.text.usart5_wakeup_disable), (8 bytes).
    Removing gd32e50x_usart.o(.text.usart5_wakeup_mode_config), (44 bytes).
    Removing gd32e50x_usart.o(.ARM.exidx.text.usart5_wakeup_mode_config), (8 bytes).
    Removing gd32e50x_usart.o(.text.usart5_receive_fifo_enable), (22 bytes).
    Removing gd32e50x_usart.o(.ARM.exidx.text.usart5_receive_fifo_enable), (8 bytes).
    Removing gd32e50x_usart.o(.text.usart5_receive_fifo_disable), (22 bytes).
    Removing gd32e50x_usart.o(.ARM.exidx.text.usart5_receive_fifo_disable), (8 bytes).
    Removing gd32e50x_usart.o(.text.usart5_receive_fifo_counter_number), (18 bytes).
    Removing gd32e50x_usart.o(.ARM.exidx.text.usart5_receive_fifo_counter_number), (8 bytes).
    Removing gd32e50x_usart.o(.text.usart5_flag_get), (58 bytes).
    Removing gd32e50x_usart.o(.ARM.exidx.text.usart5_flag_get), (8 bytes).
    Removing gd32e50x_usart.o(.text.usart5_flag_clear), (34 bytes).
    Removing gd32e50x_usart.o(.ARM.exidx.text.usart5_flag_clear), (8 bytes).
    Removing gd32e50x_usart.o(.text.usart5_interrupt_enable), (36 bytes).
    Removing gd32e50x_usart.o(.ARM.exidx.text.usart5_interrupt_enable), (8 bytes).
    Removing gd32e50x_usart.o(.text.usart5_interrupt_disable), (36 bytes).
    Removing gd32e50x_usart.o(.ARM.exidx.text.usart5_interrupt_disable), (8 bytes).
    Removing gd32e50x_usart.o(.text.usart5_command_enable), (20 bytes).
    Removing gd32e50x_usart.o(.ARM.exidx.text.usart5_command_enable), (8 bytes).
    Removing gd32e50x_usart.o(.text.usart5_interrupt_flag_get), (94 bytes).
    Removing gd32e50x_usart.o(.ARM.exidx.text.usart5_interrupt_flag_get), (8 bytes).
    Removing gd32e50x_usart.o(.text.usart5_interrupt_flag_clear), (64 bytes).
    Removing gd32e50x_usart.o(.ARM.exidx.text.usart5_interrupt_flag_clear), (8 bytes).
    Removing gd32e50x_bkp.o(.text), (0 bytes).
    Removing gd32e50x_bkp.o(.text.bkp_deinit), (12 bytes).
    Removing gd32e50x_bkp.o(.ARM.exidx.text.bkp_deinit), (8 bytes).
    Removing gd32e50x_bkp.o(.ARM.exidx.text.bkp_write_data), (8 bytes).
    Removing gd32e50x_bkp.o(.ARM.exidx.text.bkp_read_data), (8 bytes).
    Removing gd32e50x_bkp.o(.text.bkp_rtc_calibration_output_enable), (18 bytes).
    Removing gd32e50x_bkp.o(.ARM.exidx.text.bkp_rtc_calibration_output_enable), (8 bytes).
    Removing gd32e50x_bkp.o(.text.bkp_rtc_calibration_output_disable), (18 bytes).
    Removing gd32e50x_bkp.o(.ARM.exidx.text.bkp_rtc_calibration_output_disable), (8 bytes).
    Removing gd32e50x_bkp.o(.text.bkp_rtc_signal_output_enable), (18 bytes).
    Removing gd32e50x_bkp.o(.ARM.exidx.text.bkp_rtc_signal_output_enable), (8 bytes).
    Removing gd32e50x_bkp.o(.text.bkp_rtc_signal_output_disable), (18 bytes).
    Removing gd32e50x_bkp.o(.ARM.exidx.text.bkp_rtc_signal_output_disable), (8 bytes).
    Removing gd32e50x_bkp.o(.text.bkp_rtc_output_select), (62 bytes).
    Removing gd32e50x_bkp.o(.ARM.exidx.text.bkp_rtc_output_select), (8 bytes).
    Removing gd32e50x_bkp.o(.text.bkp_rtc_clock_output_select), (62 bytes).
    Removing gd32e50x_bkp.o(.ARM.exidx.text.bkp_rtc_clock_output_select), (8 bytes).
    Removing gd32e50x_bkp.o(.text.bkp_rtc_clock_calibration_direction), (62 bytes).
    Removing gd32e50x_bkp.o(.ARM.exidx.text.bkp_rtc_clock_calibration_direction), (8 bytes).
    Removing gd32e50x_bkp.o(.text.bkp_rtc_calibration_value_set), (54 bytes).
    Removing gd32e50x_bkp.o(.ARM.exidx.text.bkp_rtc_calibration_value_set), (8 bytes).
    Removing gd32e50x_bkp.o(.text.bkp_tamper_detection_enable), (18 bytes).
    Removing gd32e50x_bkp.o(.ARM.exidx.text.bkp_tamper_detection_enable), (8 bytes).
    Removing gd32e50x_bkp.o(.text.bkp_tamper_detection_disable), (18 bytes).
    Removing gd32e50x_bkp.o(.ARM.exidx.text.bkp_tamper_detection_disable), (8 bytes).
    Removing gd32e50x_bkp.o(.text.bkp_tamper_active_level_set), (62 bytes).
    Removing gd32e50x_bkp.o(.ARM.exidx.text.bkp_tamper_active_level_set), (8 bytes).
    Removing gd32e50x_bkp.o(.text.bkp_tamper_interrupt_enable), (18 bytes).
    Removing gd32e50x_bkp.o(.ARM.exidx.text.bkp_tamper_interrupt_enable), (8 bytes).
    Removing gd32e50x_bkp.o(.text.bkp_tamper_interrupt_disable), (18 bytes).
    Removing gd32e50x_bkp.o(.ARM.exidx.text.bkp_tamper_interrupt_disable), (8 bytes).
    Removing gd32e50x_bkp.o(.text.bkp_flag_get), (52 bytes).
    Removing gd32e50x_bkp.o(.ARM.exidx.text.bkp_flag_get), (8 bytes).
    Removing gd32e50x_bkp.o(.ARM.exidx.text.bkp_flag_clear), (8 bytes).
    Removing gd32e50x_bkp.o(.text.bkp_interrupt_flag_get), (52 bytes).
    Removing gd32e50x_bkp.o(.ARM.exidx.text.bkp_interrupt_flag_get), (8 bytes).
    Removing gd32e50x_bkp.o(.text.bkp_interrupt_flag_clear), (28 bytes).
    Removing gd32e50x_bkp.o(.ARM.exidx.text.bkp_interrupt_flag_clear), (8 bytes).
    Removing gd32e50x_pmu.o(.text), (0 bytes).
    Removing gd32e50x_pmu.o(.text.pmu_deinit), (24 bytes).
    Removing gd32e50x_pmu.o(.ARM.exidx.text.pmu_deinit), (8 bytes).
    Removing gd32e50x_pmu.o(.text.pmu_lvd_select), (48 bytes).
    Removing gd32e50x_pmu.o(.ARM.exidx.text.pmu_lvd_select), (8 bytes).
    Removing gd32e50x_pmu.o(.text.pmu_lvd_disable), (18 bytes).
    Removing gd32e50x_pmu.o(.ARM.exidx.text.pmu_lvd_disable), (8 bytes).
    Removing gd32e50x_pmu.o(.text.pmu_highdriver_mode_enable), (18 bytes).
    Removing gd32e50x_pmu.o(.ARM.exidx.text.pmu_highdriver_mode_enable), (8 bytes).
    Removing gd32e50x_pmu.o(.text.pmu_highdriver_mode_disable), (18 bytes).
    Removing gd32e50x_pmu.o(.ARM.exidx.text.pmu_highdriver_mode_disable), (8 bytes).
    Removing gd32e50x_pmu.o(.text.pmu_highdriver_switch_select), (52 bytes).
    Removing gd32e50x_pmu.o(.ARM.exidx.text.pmu_highdriver_switch_select), (8 bytes).
    Removing gd32e50x_pmu.o(.text.pmu_flag_get), (94 bytes).
    Removing gd32e50x_pmu.o(.ARM.exidx.text.pmu_flag_get), (8 bytes).
    Removing gd32e50x_pmu.o(.text.pmu_lowdriver_mode_enable), (18 bytes).
    Removing gd32e50x_pmu.o(.ARM.exidx.text.pmu_lowdriver_mode_enable), (8 bytes).
    Removing gd32e50x_pmu.o(.text.pmu_lowdriver_mode_disable), (18 bytes).
    Removing gd32e50x_pmu.o(.ARM.exidx.text.pmu_lowdriver_mode_disable), (8 bytes).
    Removing gd32e50x_pmu.o(.text.pmu_lowpower_driver_config), (32 bytes).
    Removing gd32e50x_pmu.o(.ARM.exidx.text.pmu_lowpower_driver_config), (8 bytes).
    Removing gd32e50x_pmu.o(.text.pmu_normalpower_driver_config), (32 bytes).
    Removing gd32e50x_pmu.o(.ARM.exidx.text.pmu_normalpower_driver_config), (8 bytes).
    Removing gd32e50x_pmu.o(.text.pmu_to_sleepmode), (42 bytes).
    Removing gd32e50x_pmu.o(.ARM.exidx.text.pmu_to_sleepmode), (8 bytes).
    Removing gd32e50x_pmu.o(.text.pmu_to_deepsleepmode), (278 bytes).
    Removing gd32e50x_pmu.o(.ARM.exidx.text.pmu_to_deepsleepmode), (8 bytes).
    Removing gd32e50x_pmu.o(.text.pmu_to_deepsleepmode_1), (302 bytes).
    Removing gd32e50x_pmu.o(.ARM.exidx.text.pmu_to_deepsleepmode_1), (8 bytes).
    Removing gd32e50x_pmu.o(.text.pmu_to_deepsleepmode_2), (302 bytes).
    Removing gd32e50x_pmu.o(.ARM.exidx.text.pmu_to_deepsleepmode_2), (8 bytes).
    Removing gd32e50x_pmu.o(.text.pmu_to_standbymode), (66 bytes).
    Removing gd32e50x_pmu.o(.ARM.exidx.text.pmu_to_standbymode), (8 bytes).
    Removing gd32e50x_pmu.o(.text.pmu_wakeup_pin_enable), (24 bytes).
    Removing gd32e50x_pmu.o(.ARM.exidx.text.pmu_wakeup_pin_enable), (8 bytes).
    Removing gd32e50x_pmu.o(.text.pmu_wakeup_pin_disable), (24 bytes).
    Removing gd32e50x_pmu.o(.ARM.exidx.text.pmu_wakeup_pin_disable), (8 bytes).
    Removing gd32e50x_pmu.o(.ARM.exidx.text.pmu_backup_write_enable), (8 bytes).
    Removing gd32e50x_pmu.o(.text.pmu_backup_write_disable), (18 bytes).
    Removing gd32e50x_pmu.o(.ARM.exidx.text.pmu_backup_write_disable), (8 bytes).
    Removing gd32e50x_pmu.o(.text.pmu_flag_clear), (100 bytes).
    Removing gd32e50x_pmu.o(.ARM.exidx.text.pmu_flag_clear), (8 bytes).
    Removing gd32e50x_pmu.o(.bss.pmu_to_deepsleepmode.reg_snap), (16 bytes).
    Removing gd32e50x_pmu.o(.bss.pmu_to_deepsleepmode_1.reg_snap), (16 bytes).
    Removing gd32e50x_pmu.o(.bss.pmu_to_deepsleepmode_2.reg_snap), (16 bytes).
    Removing gd32e503v_eval.o(.text), (0 bytes).
    Removing gd32e503v_eval.o(.text.gd_eval_led_init), (90 bytes).
    Removing gd32e503v_eval.o(.ARM.exidx.text.gd_eval_led_init), (8 bytes).
    Removing gd32e503v_eval.o(.text.gd_eval_led_on), (40 bytes).
    Removing gd32e503v_eval.o(.ARM.exidx.text.gd_eval_led_on), (8 bytes).
    Removing gd32e503v_eval.o(.text.gd_eval_led_off), (40 bytes).
    Removing gd32e503v_eval.o(.ARM.exidx.text.gd_eval_led_off), (8 bytes).
    Removing gd32e503v_eval.o(.text.gd_eval_led_toggle), (64 bytes).
    Removing gd32e503v_eval.o(.ARM.exidx.text.gd_eval_led_toggle), (8 bytes).
    Removing gd32e503v_eval.o(.text.gd_eval_key_init), (184 bytes).
    Removing gd32e503v_eval.o(.ARM.exidx.text.gd_eval_key_init), (8 bytes).
    Removing gd32e503v_eval.o(.text.gd_eval_key_state_get), (44 bytes).
    Removing gd32e503v_eval.o(.ARM.exidx.text.gd_eval_key_state_get), (8 bytes).
    Removing gd32e503v_eval.o(.ARM.exidx.text.gd_eval_com_init), (8 bytes).
    Removing gd32e503v_eval.o(.ARM.exidx.text.BKP_int), (8 bytes).
    Removing gd32e503v_eval.o(.data.GPIO_CLK), (8 bytes).
    Removing gd32e503v_eval.o(.data.GPIO_PORT), (16 bytes).
    Removing gd32e503v_eval.o(.data.GPIO_PIN), (16 bytes).
    Removing gd32e503v_eval.o(.data.KEY_CLK), (10 bytes).
    Removing gd32e503v_eval.o(.data.KEY_PORT), (20 bytes).
    Removing gd32e503v_eval.o(.data.KEY_PIN), (20 bytes).
    Removing gd32e503v_eval.o(.data.KEY_IRQn), (5 bytes).
    Removing gd32e503v_eval.o(.data.KEY_PORT_SOURCE), (5 bytes).
    Removing gd32e503v_eval.o(.data.KEY_PIN_SOURCE), (5 bytes).
    Removing gd32e503v_eval.o(.data.KEY_EXTI_LINE), (20 bytes).
    Removing startup_gd32e50x_hd.o(HEAP), (1024 bytes).

708 unused section(s) (total 24821 bytes) removed from the image.

==============================================================================

Image Symbol Table

    Local Symbols

    Symbol Name                              Value     Ov Type        Size  Object(Section)

    ../clib/microlib/init/entry.s            0x00000000   Number         0  entry.o ABSOLUTE
    ../clib/microlib/init/entry.s            0x00000000   Number         0  entry2.o ABSOLUTE
    ../clib/microlib/init/entry.s            0x00000000   Number         0  entry5.o ABSOLUTE
    ../clib/microlib/init/entry.s            0x00000000   Number         0  entry7a.o ABSOLUTE
    ../clib/microlib/init/entry.s            0x00000000   Number         0  entry7b.o ABSOLUTE
    ../clib/microlib/init/entry.s            0x00000000   Number         0  entry8a.o ABSOLUTE
    ../clib/microlib/init/entry.s            0x00000000   Number         0  entry8b.o ABSOLUTE
    ../clib/microlib/init/entry.s            0x00000000   Number         0  entry9a.o ABSOLUTE
    ../clib/microlib/init/entry.s            0x00000000   Number         0  entry9b.o ABSOLUTE
    ../clib/microlib/init/entry.s            0x00000000   Number         0  entry10a.o ABSOLUTE
    ../clib/microlib/init/entry.s            0x00000000   Number         0  entry10b.o ABSOLUTE
    ../clib/microlib/init/entry.s            0x00000000   Number         0  entry11a.o ABSOLUTE
    ../clib/microlib/init/entry.s            0x00000000   Number         0  entry11b.o ABSOLUTE
    ..\GD32E50x_Firmware_Library\CMSIS\GD\GD32E50x\Source\ARM\startup_gd32e50x_hd.s 0x00000000   Number         0  startup_gd32e50x_hd.o ABSOLUTE
    dc.s                                     0x00000000   Number         0  dc.o ABSOLUTE
    gd32e503v_eval.c                         0x00000000   Number         0  gd32e503v_eval.o ABSOLUTE
    gd32e50x_bkp.c                           0x00000000   Number         0  gd32e50x_bkp.o ABSOLUTE
    gd32e50x_exti.c                          0x00000000   Number         0  gd32e50x_exti.o ABSOLUTE
    gd32e50x_fmc.c                           0x00000000   Number         0  gd32e50x_fmc.o ABSOLUTE
    gd32e50x_fwdgt.c                         0x00000000   Number         0  gd32e50x_fwdgt.o ABSOLUTE
    gd32e50x_gpio.c                          0x00000000   Number         0  gd32e50x_gpio.o ABSOLUTE
    gd32e50x_it.c                            0x00000000   Number         0  gd32e50x_it.o ABSOLUTE
    gd32e50x_misc.c                          0x00000000   Number         0  gd32e50x_misc.o ABSOLUTE
    gd32e50x_pmu.c                           0x00000000   Number         0  gd32e50x_pmu.o ABSOLUTE
    gd32e50x_rcu.c                           0x00000000   Number         0  gd32e50x_rcu.o ABSOLUTE
    gd32e50x_timer.c                         0x00000000   Number         0  gd32e50x_timer.o ABSOLUTE
    gd32e50x_usart.c                         0x00000000   Number         0  gd32e50x_usart.o ABSOLUTE
    handlers.s                               0x00000000   Number         0  handlers.o ABSOLUTE
    init.s                                   0x00000000   Number         0  init.o ABSOLUTE
    main.c                                   0x00000000   Number         0  main.o ABSOLUTE
    serial.c                                 0x00000000   Number         0  serial.o ABSOLUTE
    system_gd32e50x.c                        0x00000000   Number         0  system_gd32e50x.o ABSOLUTE
    timer.c                                  0x00000000   Number         0  timer.o ABSOLUTE
    RESET                                    0x08000000   Section      416  startup_gd32e50x_hd.o(RESET)
    .ARM.Collect$$$$00000000                 0x080001a0   Section        0  entry.o(.ARM.Collect$$$$00000000)
    .ARM.Collect$$$$00000001                 0x080001a0   Section        4  entry2.o(.ARM.Collect$$$$00000001)
    .ARM.Collect$$$$00000004                 0x080001a4   Section        4  entry5.o(.ARM.Collect$$$$00000004)
    .ARM.Collect$$$$00000008                 0x080001a8   Section        0  entry7b.o(.ARM.Collect$$$$00000008)
    .ARM.Collect$$$$0000000A                 0x080001a8   Section        0  entry8b.o(.ARM.Collect$$$$0000000A)
    .ARM.Collect$$$$0000000B                 0x080001a8   Section        8  entry9a.o(.ARM.Collect$$$$0000000B)
    __lit__00000000                          0x080001b0   Data           4  entry2.o(.ARM.Collect$$$$00002712)
    .ARM.Collect$$$$0000000D                 0x080001b0   Section        0  entry10a.o(.ARM.Collect$$$$0000000D)
    .ARM.Collect$$$$0000000F                 0x080001b0   Section        0  entry11a.o(.ARM.Collect$$$$0000000F)
    .ARM.Collect$$$$00002712                 0x080001b0   Section        4  entry2.o(.ARM.Collect$$$$00002712)
    $v0                                      0x080001b4   Number         0  startup_gd32e50x_hd.o(.text)
    .text                                    0x080001b4   Section       36  startup_gd32e50x_hd.o(.text)
    .text                                    0x080001d8   Section       36  init.o(.text)
    [Anonymous Symbol]                       0x080001fc   Section        0  gd32e503v_eval.o(.text.BKP_int)
    [Anonymous Symbol]                       0x0800021c   Section        0  serial.o(.text.BootComRecv)
    [Anonymous Symbol]                       0x080002a4   Section        0  serial.o(.text.BootComSend)
    [Anonymous Symbol]                       0x080002e4   Section        0  serial.o(.text.BootComSendByte)
    [Anonymous Symbol]                       0x08000318   Section        0  gd32e50x_it.o(.text.BusFault_Handler)
    [Anonymous Symbol]                       0x0800031c   Section        0  main.o(.text.CheckSum)
    [Anonymous Symbol]                       0x08000368   Section        0  main.o(.text.Connect)
    [Anonymous Symbol]                       0x0800044c   Section        0  gd32e50x_it.o(.text.DebugMon_Handler)
    [Anonymous Symbol]                       0x08000450   Section        0  timer.o(.text.DelayMs)
    [Anonymous Symbol]                       0x0800049c   Section        0  main.o(.text.ExecApp)
    [Anonymous Symbol]                       0x08000504   Section        0  timer.o(.text.GetCurrentTick)
    [Anonymous Symbol]                       0x0800052c   Section        0  timer.o(.text.GetPassedTick)
    [Anonymous Symbol]                       0x08000560   Section        0  gd32e50x_it.o(.text.HardFault_Handler)
    [Anonymous Symbol]                       0x08000564   Section        0  timer.o(.text.InitTick)
    [Anonymous Symbol]                       0x08000578   Section        0  gd32e50x_it.o(.text.MemManage_Handler)
    [Anonymous Symbol]                       0x0800057c   Section        0  gd32e50x_it.o(.text.NMI_Handler)
    [Anonymous Symbol]                       0x08000580   Section        0  gd32e50x_it.o(.text.PendSV_Handler)
    [Anonymous Symbol]                       0x08000584   Section        0  main.o(.text.RCC_Configuration)
    [Anonymous Symbol]                       0x080005a0   Section        0  main.o(.text.ReadPage)
    [Anonymous Symbol]                       0x08000610   Section        0  gd32e50x_it.o(.text.SVC_Handler)
    [Anonymous Symbol]                       0x08000614   Section        0  main.o(.text.SetPageAddr)
    SysTick_Config                           0x080006f1   Thumb Code    82  timer.o(.text.SysTick_Config)
    [Anonymous Symbol]                       0x080006f0   Section        0  timer.o(.text.SysTick_Config)
    [Anonymous Symbol]                       0x08000744   Section        0  timer.o(.text.SysTick_Handler)
    [Anonymous Symbol]                       0x08000788   Section        0  system_gd32e50x.o(.text.SystemInit)
    [Anonymous Symbol]                       0x08000830   Section        0  gd32e50x_it.o(.text.UsageFault_Handler)
    [Anonymous Symbol]                       0x08000834   Section        0  main.o(.text.WritePage)
    __NVIC_SetPriority                       0x08000919   Thumb Code    66  timer.o(.text.__NVIC_SetPriority)
    [Anonymous Symbol]                       0x08000918   Section        0  timer.o(.text.__NVIC_SetPriority)
    [Anonymous Symbol]                       0x0800095c   Section        0  gd32e50x_bkp.o(.text.bkp_flag_clear)
    [Anonymous Symbol]                       0x08000978   Section        0  gd32e50x_bkp.o(.text.bkp_read_data)
    [Anonymous Symbol]                       0x080009e4   Section        0  gd32e50x_bkp.o(.text.bkp_write_data)
    [Anonymous Symbol]                       0x08000a4c   Section        0  gd32e50x_fmc.o(.text.fmc_page_erase)
    fmc_ready_wait                           0x08000aad   Thumb Code    92  gd32e50x_fmc.o(.text.fmc_ready_wait)
    [Anonymous Symbol]                       0x08000aac   Section        0  gd32e50x_fmc.o(.text.fmc_ready_wait)
    fmc_state_get                            0x08000b09   Thumb Code   124  gd32e50x_fmc.o(.text.fmc_state_get)
    [Anonymous Symbol]                       0x08000b08   Section        0  gd32e50x_fmc.o(.text.fmc_state_get)
    [Anonymous Symbol]                       0x08000b84   Section        0  gd32e50x_fmc.o(.text.fmc_unlock)
    [Anonymous Symbol]                       0x08000bb8   Section        0  gd32e50x_fmc.o(.text.fmc_word_program)
    [Anonymous Symbol]                       0x08000c0c   Section        0  gd32e503v_eval.o(.text.gd_eval_com_init)
    [Anonymous Symbol]                       0x08000cc4   Section        0  gd32e50x_gpio.o(.text.gpio_bit_reset)
    [Anonymous Symbol]                       0x08000cd4   Section        0  gd32e50x_gpio.o(.text.gpio_bit_set)
    [Anonymous Symbol]                       0x08000ce4   Section        0  gd32e50x_gpio.o(.text.gpio_bit_write)
    [Anonymous Symbol]                       0x08000d0c   Section        0  gd32e50x_gpio.o(.text.gpio_init)
    [Anonymous Symbol]                       0x08000e90   Section        0  gd32e50x_gpio.o(.text.gpio_output_bit_get)
    [Anonymous Symbol]                       0x08000ebc   Section        0  main.o(.text.main)
    [Anonymous Symbol]                       0x0800118c   Section        0  gd32e50x_misc.o(.text.nvic_vector_table_set)
    [Anonymous Symbol]                       0x080011b0   Section        0  gd32e50x_pmu.o(.text.pmu_backup_write_enable)
    [Anonymous Symbol]                       0x080011c4   Section        0  gd32e50x_rcu.o(.text.rcu_clock_freq_get)
    [Anonymous Symbol]                       0x08001438   Section        0  gd32e50x_rcu.o(.text.rcu_periph_clock_enable)
    [Anonymous Symbol]                       0x08001460   Section        0  gd32e50x_rcu.o(.text.rcu_periph_reset_disable)
    [Anonymous Symbol]                       0x08001488   Section        0  gd32e50x_rcu.o(.text.rcu_periph_reset_enable)
    system_clock_180m_irc8m                  0x080014b1   Thumb Code   356  system_gd32e50x.o(.text.system_clock_180m_irc8m)
    [Anonymous Symbol]                       0x080014b0   Section        0  system_gd32e50x.o(.text.system_clock_180m_irc8m)
    system_clock_config                      0x08001615   Thumb Code     8  system_gd32e50x.o(.text.system_clock_config)
    [Anonymous Symbol]                       0x08001614   Section        0  system_gd32e50x.o(.text.system_clock_config)
    [Anonymous Symbol]                       0x0800161c   Section        0  timer.o(.text.systick_config)
    [Anonymous Symbol]                       0x08001650   Section        0  gd32e50x_usart.o(.text.usart_baudrate_set)
    [Anonymous Symbol]                       0x080017dc   Section        0  gd32e50x_usart.o(.text.usart_data_receive)
    [Anonymous Symbol]                       0x08001814   Section        0  gd32e50x_usart.o(.text.usart_data_transmit)
    [Anonymous Symbol]                       0x08001848   Section        0  gd32e50x_usart.o(.text.usart_deinit)
    [Anonymous Symbol]                       0x08001924   Section        0  gd32e50x_usart.o(.text.usart_enable)
    [Anonymous Symbol]                       0x08001954   Section        0  gd32e50x_usart.o(.text.usart_flag_get)
    [Anonymous Symbol]                       0x08001990   Section        0  gd32e50x_usart.o(.text.usart_receive_config)
    [Anonymous Symbol]                       0x080019f4   Section        0  gd32e50x_usart.o(.text.usart_transmit_config)
    i.__scatterload_copy                     0x08001a56   Section       14  handlers.o(i.__scatterload_copy)
    i.__scatterload_null                     0x08001a64   Section        2  handlers.o(i.__scatterload_null)
    i.__scatterload_zeroinit                 0x08001a66   Section       14  handlers.o(i.__scatterload_zeroinit)
    COM_CLK                                  0x20000000   Data           2  gd32e503v_eval.o(.data.COM_CLK)
    [Anonymous Symbol]                       0x20000000   Section        0  gd32e503v_eval.o(.data.COM_CLK)
    COM_GPIO_CLK                             0x20000002   Data           2  gd32e503v_eval.o(.data.COM_GPIO_CLK)
    [Anonymous Symbol]                       0x20000002   Section        0  gd32e503v_eval.o(.data.COM_GPIO_CLK)
    COM_GPIO_PORT                            0x20000004   Data           4  gd32e503v_eval.o(.data.COM_GPIO_PORT)
    [Anonymous Symbol]                       0x20000004   Section        0  gd32e503v_eval.o(.data.COM_GPIO_PORT)
    COM_RX_PIN                               0x20000008   Data           4  gd32e503v_eval.o(.data.COM_RX_PIN)
    [Anonymous Symbol]                       0x20000008   Section        0  gd32e503v_eval.o(.data.COM_RX_PIN)
    COM_TX_PIN                               0x2000000c   Data           4  gd32e503v_eval.o(.data.COM_TX_PIN)
    [Anonymous Symbol]                       0x2000000c   Section        0  gd32e503v_eval.o(.data.COM_TX_PIN)
    DelayMs.MsDelayCnt                       0x20000018   Data           4  timer.o(.bss.DelayMs.MsDelayCnt)
    [Anonymous Symbol]                       0x20000018   Section        0  timer.o(.bss.DelayMs.MsDelayCnt)
    STACK                                    0x200000b8   Section     1024  startup_gd32e50x_hd.o(STACK)

    Global Symbols

    Symbol Name                              Value     Ov Type        Size  Object(Section)

    BuildAttributes$$THM_ISAv4$E$P$D$K$B$S$7EM$8M$VFPi5$EXTD16$VFPS$VFMA$PE$A:L22UL41UL21$X:L11$S22US41US21$IEEE1$IW$~IW$USESV6$~STKCKD$USESV7$~SHL$OSPACE$EBA8$MICROLIB$REQ8$PRES8$EABIv2 0x00000000   Number         0  anon$$obj.o ABSOLUTE
    __cpp_initialize__aeabi_                  - Undefined Weak Reference
    __cxa_finalize                            - Undefined Weak Reference
    __decompress                              - Undefined Weak Reference
    _clock_init                               - Undefined Weak Reference
    _microlib_exit                            - Undefined Weak Reference
    __Vectors_Size                           0x000001a0   Number         0  startup_gd32e50x_hd.o ABSOLUTE
    __Vectors                                0x08000000   Data           4  startup_gd32e50x_hd.o(RESET)
    __Vectors_End                            0x080001a0   Data           0  startup_gd32e50x_hd.o(RESET)
    __main                                   0x080001a1   Thumb Code     0  entry.o(.ARM.Collect$$$$00000000)
    _main_stk                                0x080001a1   Thumb Code     0  entry2.o(.ARM.Collect$$$$00000001)
    _main_scatterload                        0x080001a5   Thumb Code     0  entry5.o(.ARM.Collect$$$$00000004)
    __main_after_scatterload                 0x080001a9   Thumb Code     0  entry5.o(.ARM.Collect$$$$00000004)
    _main_clock                              0x080001a9   Thumb Code     0  entry7b.o(.ARM.Collect$$$$00000008)
    _main_cpp_init                           0x080001a9   Thumb Code     0  entry8b.o(.ARM.Collect$$$$0000000A)
    _main_init                               0x080001a9   Thumb Code     0  entry9a.o(.ARM.Collect$$$$0000000B)
    __rt_final_cpp                           0x080001b1   Thumb Code     0  entry10a.o(.ARM.Collect$$$$0000000D)
    __rt_final_exit                          0x080001b1   Thumb Code     0  entry11a.o(.ARM.Collect$$$$0000000F)
    Reset_Handler                            0x080001b5   Thumb Code     8  startup_gd32e50x_hd.o(.text)
    ADC0_1_IRQHandler                        0x080001cf   Thumb Code     0  startup_gd32e50x_hd.o(.text)
    ADC2_IRQHandler                          0x080001cf   Thumb Code     0  startup_gd32e50x_hd.o(.text)
    DMA0_Channel0_IRQHandler                 0x080001cf   Thumb Code     0  startup_gd32e50x_hd.o(.text)
    DMA0_Channel1_IRQHandler                 0x080001cf   Thumb Code     0  startup_gd32e50x_hd.o(.text)
    DMA0_Channel2_IRQHandler                 0x080001cf   Thumb Code     0  startup_gd32e50x_hd.o(.text)
    DMA0_Channel3_IRQHandler                 0x080001cf   Thumb Code     0  startup_gd32e50x_hd.o(.text)
    DMA0_Channel4_IRQHandler                 0x080001cf   Thumb Code     0  startup_gd32e50x_hd.o(.text)
    DMA0_Channel5_IRQHandler                 0x080001cf   Thumb Code     0  startup_gd32e50x_hd.o(.text)
    DMA0_Channel6_IRQHandler                 0x080001cf   Thumb Code     0  startup_gd32e50x_hd.o(.text)
    DMA1_Channel0_IRQHandler                 0x080001cf   Thumb Code     0  startup_gd32e50x_hd.o(.text)
    DMA1_Channel1_IRQHandler                 0x080001cf   Thumb Code     0  startup_gd32e50x_hd.o(.text)
    DMA1_Channel2_IRQHandler                 0x080001cf   Thumb Code     0  startup_gd32e50x_hd.o(.text)
    DMA1_Channel3_4_IRQHandler               0x080001cf   Thumb Code     0  startup_gd32e50x_hd.o(.text)
    EXMC_IRQHandler                          0x080001cf   Thumb Code     0  startup_gd32e50x_hd.o(.text)
    EXTI0_IRQHandler                         0x080001cf   Thumb Code     0  startup_gd32e50x_hd.o(.text)
    EXTI10_15_IRQHandler                     0x080001cf   Thumb Code     0  startup_gd32e50x_hd.o(.text)
    EXTI1_IRQHandler                         0x080001cf   Thumb Code     0  startup_gd32e50x_hd.o(.text)
    EXTI2_IRQHandler                         0x080001cf   Thumb Code     0  startup_gd32e50x_hd.o(.text)
    EXTI3_IRQHandler                         0x080001cf   Thumb Code     0  startup_gd32e50x_hd.o(.text)
    EXTI4_IRQHandler                         0x080001cf   Thumb Code     0  startup_gd32e50x_hd.o(.text)
    EXTI5_9_IRQHandler                       0x080001cf   Thumb Code     0  startup_gd32e50x_hd.o(.text)
    FMC_IRQHandler                           0x080001cf   Thumb Code     0  startup_gd32e50x_hd.o(.text)
    I2C0_ER_IRQHandler                       0x080001cf   Thumb Code     0  startup_gd32e50x_hd.o(.text)
    I2C0_EV_IRQHandler                       0x080001cf   Thumb Code     0  startup_gd32e50x_hd.o(.text)
    I2C1_ER_IRQHandler                       0x080001cf   Thumb Code     0  startup_gd32e50x_hd.o(.text)
    I2C1_EV_IRQHandler                       0x080001cf   Thumb Code     0  startup_gd32e50x_hd.o(.text)
    I2C2_ER_IRQHandler                       0x080001cf   Thumb Code     0  startup_gd32e50x_hd.o(.text)
    I2C2_EV_IRQHandler                       0x080001cf   Thumb Code     0  startup_gd32e50x_hd.o(.text)
    I2C2_WKUP_IRQHandler                     0x080001cf   Thumb Code     0  startup_gd32e50x_hd.o(.text)
    LVD_IRQHandler                           0x080001cf   Thumb Code     0  startup_gd32e50x_hd.o(.text)
    RCU_CTC_IRQHandler                       0x080001cf   Thumb Code     0  startup_gd32e50x_hd.o(.text)
    RTC_Alarm_IRQHandler                     0x080001cf   Thumb Code     0  startup_gd32e50x_hd.o(.text)
    RTC_IRQHandler                           0x080001cf   Thumb Code     0  startup_gd32e50x_hd.o(.text)
    SDIO_IRQHandler                          0x080001cf   Thumb Code     0  startup_gd32e50x_hd.o(.text)
    SHRTIMER_IRQ0_IRQHandler                 0x080001cf   Thumb Code     0  startup_gd32e50x_hd.o(.text)
    SHRTIMER_IRQ1_IRQHandler                 0x080001cf   Thumb Code     0  startup_gd32e50x_hd.o(.text)
    SHRTIMER_IRQ2_IRQHandler                 0x080001cf   Thumb Code     0  startup_gd32e50x_hd.o(.text)
    SHRTIMER_IRQ3_IRQHandler                 0x080001cf   Thumb Code     0  startup_gd32e50x_hd.o(.text)
    SHRTIMER_IRQ4_IRQHandler                 0x080001cf   Thumb Code     0  startup_gd32e50x_hd.o(.text)
    SHRTIMER_IRQ5_IRQHandler                 0x080001cf   Thumb Code     0  startup_gd32e50x_hd.o(.text)
    SHRTIMER_IRQ6_IRQHandler                 0x080001cf   Thumb Code     0  startup_gd32e50x_hd.o(.text)
    SPI0_IRQHandler                          0x080001cf   Thumb Code     0  startup_gd32e50x_hd.o(.text)
    SPI1_I2S1ADD_IRQHandler                  0x080001cf   Thumb Code     0  startup_gd32e50x_hd.o(.text)
    SPI2_I2S2ADD_IRQHandler                  0x080001cf   Thumb Code     0  startup_gd32e50x_hd.o(.text)
    TAMPER_IRQHandler                        0x080001cf   Thumb Code     0  startup_gd32e50x_hd.o(.text)
    TIMER0_BRK_IRQHandler                    0x080001cf   Thumb Code     0  startup_gd32e50x_hd.o(.text)
    TIMER0_Channel_IRQHandler                0x080001cf   Thumb Code     0  startup_gd32e50x_hd.o(.text)
    TIMER0_TRG_CMT_IRQHandler                0x080001cf   Thumb Code     0  startup_gd32e50x_hd.o(.text)
    TIMER0_UP_IRQHandler                     0x080001cf   Thumb Code     0  startup_gd32e50x_hd.o(.text)
    TIMER1_IRQHandler                        0x080001cf   Thumb Code     0  startup_gd32e50x_hd.o(.text)
    TIMER2_IRQHandler                        0x080001cf   Thumb Code     0  startup_gd32e50x_hd.o(.text)
    TIMER3_IRQHandler                        0x080001cf   Thumb Code     0  startup_gd32e50x_hd.o(.text)
    TIMER4_IRQHandler                        0x080001cf   Thumb Code     0  startup_gd32e50x_hd.o(.text)
    TIMER5_DAC_IRQHandler                    0x080001cf   Thumb Code     0  startup_gd32e50x_hd.o(.text)
    TIMER6_IRQHandler                        0x080001cf   Thumb Code     0  startup_gd32e50x_hd.o(.text)
    TIMER7_BRK_IRQHandler                    0x080001cf   Thumb Code     0  startup_gd32e50x_hd.o(.text)
    TIMER7_Channel_IRQHandler                0x080001cf   Thumb Code     0  startup_gd32e50x_hd.o(.text)
    TIMER7_TRG_CMT_IRQHandler                0x080001cf   Thumb Code     0  startup_gd32e50x_hd.o(.text)
    TIMER7_UP_IRQHandler                     0x080001cf   Thumb Code     0  startup_gd32e50x_hd.o(.text)
    UART3_IRQHandler                         0x080001cf   Thumb Code     0  startup_gd32e50x_hd.o(.text)
    UART4_IRQHandler                         0x080001cf   Thumb Code     0  startup_gd32e50x_hd.o(.text)
    USART0_IRQHandler                        0x080001cf   Thumb Code     0  startup_gd32e50x_hd.o(.text)
    USART1_IRQHandler                        0x080001cf   Thumb Code     0  startup_gd32e50x_hd.o(.text)
    USART2_IRQHandler                        0x080001cf   Thumb Code     0  startup_gd32e50x_hd.o(.text)
    USART5_IRQHandler                        0x080001cf   Thumb Code     0  startup_gd32e50x_hd.o(.text)
    USART5_WKUP_IRQHandler                   0x080001cf   Thumb Code     0  startup_gd32e50x_hd.o(.text)
    USBD_HP_IRQHandler                       0x080001cf   Thumb Code     0  startup_gd32e50x_hd.o(.text)
    USBD_LP_IRQHandler                       0x080001cf   Thumb Code     0  startup_gd32e50x_hd.o(.text)
    USBD_WKUP_IRQHandler                     0x080001cf   Thumb Code     0  startup_gd32e50x_hd.o(.text)
    WWDGT_IRQHandler                         0x080001cf   Thumb Code     0  startup_gd32e50x_hd.o(.text)
    __scatterload                            0x080001d9   Thumb Code    28  init.o(.text)
    __scatterload_rt2                        0x080001d9   Thumb Code     0  init.o(.text)
    BKP_int                                  0x080001fd   Thumb Code    32  gd32e503v_eval.o(.text.BKP_int)
    BootComRecv                              0x0800021d   Thumb Code   134  serial.o(.text.BootComRecv)
    BootComSend                              0x080002a5   Thumb Code    62  serial.o(.text.BootComSend)
    BootComSendByte                          0x080002e5   Thumb Code    50  serial.o(.text.BootComSendByte)
    BusFault_Handler                         0x08000319   Thumb Code     4  gd32e50x_it.o(.text.BusFault_Handler)
    CheckSum                                 0x0800031d   Thumb Code    74  main.o(.text.CheckSum)
    Connect                                  0x08000369   Thumb Code   228  main.o(.text.Connect)
    DebugMon_Handler                         0x0800044d   Thumb Code     2  gd32e50x_it.o(.text.DebugMon_Handler)
    DelayMs                                  0x08000451   Thumb Code    74  timer.o(.text.DelayMs)
    ExecApp                                  0x0800049d   Thumb Code   102  main.o(.text.ExecApp)
    GetCurrentTick                           0x08000505   Thumb Code    40  timer.o(.text.GetCurrentTick)
    GetPassedTick                            0x0800052d   Thumb Code    50  timer.o(.text.GetPassedTick)
    HardFault_Handler                        0x08000561   Thumb Code     4  gd32e50x_it.o(.text.HardFault_Handler)
    InitTick                                 0x08000565   Thumb Code    20  timer.o(.text.InitTick)
    MemManage_Handler                        0x08000579   Thumb Code     4  gd32e50x_it.o(.text.MemManage_Handler)
    NMI_Handler                              0x0800057d   Thumb Code     2  gd32e50x_it.o(.text.NMI_Handler)
    PendSV_Handler                           0x08000581   Thumb Code     2  gd32e50x_it.o(.text.PendSV_Handler)
    RCC_Configuration                        0x08000585   Thumb Code    28  main.o(.text.RCC_Configuration)
    ReadPage                                 0x080005a1   Thumb Code   112  main.o(.text.ReadPage)
    SVC_Handler                              0x08000611   Thumb Code     2  gd32e50x_it.o(.text.SVC_Handler)
    SetPageAddr                              0x08000615   Thumb Code   220  main.o(.text.SetPageAddr)
    SysTick_Handler                          0x08000745   Thumb Code    66  timer.o(.text.SysTick_Handler)
    SystemInit                               0x08000789   Thumb Code   166  system_gd32e50x.o(.text.SystemInit)
    UsageFault_Handler                       0x08000831   Thumb Code     4  gd32e50x_it.o(.text.UsageFault_Handler)
    WritePage                                0x08000835   Thumb Code   226  main.o(.text.WritePage)
    bkp_flag_clear                           0x0800095d   Thumb Code    28  gd32e50x_bkp.o(.text.bkp_flag_clear)
    bkp_read_data                            0x08000979   Thumb Code   108  gd32e50x_bkp.o(.text.bkp_read_data)
    bkp_write_data                           0x080009e5   Thumb Code   102  gd32e50x_bkp.o(.text.bkp_write_data)
    fmc_page_erase                           0x08000a4d   Thumb Code    96  gd32e50x_fmc.o(.text.fmc_page_erase)
    fmc_unlock                               0x08000b85   Thumb Code    50  gd32e50x_fmc.o(.text.fmc_unlock)
    fmc_word_program                         0x08000bb9   Thumb Code    84  gd32e50x_fmc.o(.text.fmc_word_program)
    gd_eval_com_init                         0x08000c0d   Thumb Code   182  gd32e503v_eval.o(.text.gd_eval_com_init)
    gpio_bit_reset                           0x08000cc5   Thumb Code    16  gd32e50x_gpio.o(.text.gpio_bit_reset)
    gpio_bit_set                             0x08000cd5   Thumb Code    16  gd32e50x_gpio.o(.text.gpio_bit_set)
    gpio_bit_write                           0x08000ce5   Thumb Code    38  gd32e50x_gpio.o(.text.gpio_bit_write)
    gpio_init                                0x08000d0d   Thumb Code   388  gd32e50x_gpio.o(.text.gpio_init)
    gpio_output_bit_get                      0x08000e91   Thumb Code    42  gd32e50x_gpio.o(.text.gpio_output_bit_get)
    main                                     0x08000ebd   Thumb Code   720  main.o(.text.main)
    nvic_vector_table_set                    0x0800118d   Thumb Code    36  gd32e50x_misc.o(.text.nvic_vector_table_set)
    pmu_backup_write_enable                  0x080011b1   Thumb Code    18  gd32e50x_pmu.o(.text.pmu_backup_write_enable)
    rcu_clock_freq_get                       0x080011c5   Thumb Code   626  gd32e50x_rcu.o(.text.rcu_clock_freq_get)
    rcu_periph_clock_enable                  0x08001439   Thumb Code    40  gd32e50x_rcu.o(.text.rcu_periph_clock_enable)
    rcu_periph_reset_disable                 0x08001461   Thumb Code    40  gd32e50x_rcu.o(.text.rcu_periph_reset_disable)
    rcu_periph_reset_enable                  0x08001489   Thumb Code    40  gd32e50x_rcu.o(.text.rcu_periph_reset_enable)
    systick_config                           0x0800161d   Thumb Code    50  timer.o(.text.systick_config)
    usart_baudrate_set                       0x08001651   Thumb Code   394  gd32e50x_usart.o(.text.usart_baudrate_set)
    usart_data_receive                       0x080017dd   Thumb Code    56  gd32e50x_usart.o(.text.usart_data_receive)
    usart_data_transmit                      0x08001815   Thumb Code    50  gd32e50x_usart.o(.text.usart_data_transmit)
    usart_deinit                             0x08001849   Thumb Code   218  gd32e50x_usart.o(.text.usart_deinit)
    usart_enable                             0x08001925   Thumb Code    48  gd32e50x_usart.o(.text.usart_enable)
    usart_flag_get                           0x08001955   Thumb Code    58  gd32e50x_usart.o(.text.usart_flag_get)
    usart_receive_config                     0x08001991   Thumb Code    98  gd32e50x_usart.o(.text.usart_receive_config)
    usart_transmit_config                    0x080019f5   Thumb Code    98  gd32e50x_usart.o(.text.usart_transmit_config)
    __scatterload_copy                       0x08001a57   Thumb Code    14  handlers.o(i.__scatterload_copy)
    __scatterload_null                       0x08001a65   Thumb Code     2  handlers.o(i.__scatterload_null)
    __scatterload_zeroinit                   0x08001a67   Thumb Code    14  handlers.o(i.__scatterload_zeroinit)
    Region$$Table$$Base                      0x08001a74   Number         0  anon$$obj.o(Region$$Table)
    Region$$Table$$Limit                     0x08001a94   Number         0  anon$$obj.o(Region$$Table)
    SystemCoreClock                          0x20000010   Data           4  system_gd32e50x.o(.data.SystemCoreClock)
    g_Address                                0x2000001c   Data           4  main.o(.bss.g_Address)
    g_Buffer                                 0x20000020   Data         128  main.o(.bss.g_Buffer)
    g_SysTimer                               0x200000a0   Data           4  timer.o(.bss.g_SysTimer)
    g_WriteEnable                            0x200000a4   Data           1  main.o(.bss.g_WriteEnable)
    jump_To_application                      0x200000a8   Data           4  main.o(.bss.jump_To_application)
    jump_address                             0x200000ac   Data           4  main.o(.bss.jump_address)
    updateTimeOut                            0x200000b0   Data           4  main.o(.bss.updateTimeOut)
    __initial_sp                             0x200004b8   Data           0  startup_gd32e50x_hd.o(STACK)



==============================================================================

Memory Map of the image

  Image Entry point : 0x080001a1

  Load Region LR_IROM1 (Base: 0x08000000, Size: 0x00001ab0, Max: 0x00004000, ABSOLUTE)

    Execution Region ER_IROM1 (Exec base: 0x08000000, Load base: 0x08000000, Size: 0x00001a94, Max: 0x00004000, ABSOLUTE)

    Exec Addr    Load Addr    Size         Type   Attr      Idx    E Section Name        Object

    0x08000000   0x08000000   0x000001a0   Data   RO          879    RESET               startup_gd32e50x_hd.o
    0x080001a0   0x080001a0   0x00000000   Code   RO          886  * .ARM.Collect$$$$00000000  mc_w.l(entry.o)
    0x080001a0   0x080001a0   0x00000004   Code   RO          889    .ARM.Collect$$$$00000001  mc_w.l(entry2.o)
    0x080001a4   0x080001a4   0x00000004   Code   RO          892    .ARM.Collect$$$$00000004  mc_w.l(entry5.o)
    0x080001a8   0x080001a8   0x00000000   Code   RO          894    .ARM.Collect$$$$00000008  mc_w.l(entry7b.o)
    0x080001a8   0x080001a8   0x00000000   Code   RO          896    .ARM.Collect$$$$0000000A  mc_w.l(entry8b.o)
    0x080001a8   0x080001a8   0x00000008   Code   RO          897    .ARM.Collect$$$$0000000B  mc_w.l(entry9a.o)
    0x080001b0   0x080001b0   0x00000000   Code   RO          899    .ARM.Collect$$$$0000000D  mc_w.l(entry10a.o)
    0x080001b0   0x080001b0   0x00000000   Code   RO          901    .ARM.Collect$$$$0000000F  mc_w.l(entry11a.o)
    0x080001b0   0x080001b0   0x00000004   Code   RO          890    .ARM.Collect$$$$00002712  mc_w.l(entry2.o)
    0x080001b4   0x080001b4   0x00000024   Code   RO          880    .text               startup_gd32e50x_hd.o
    0x080001d8   0x080001d8   0x00000024   Code   RO          903    .text               mc_w.l(init.o)
    0x080001fc   0x080001fc   0x00000020   Code   RO          854    .text.BKP_int       gd32e503v_eval.o
    0x0800021c   0x0800021c   0x00000086   Code   RO           59    .text.BootComRecv   serial.o
    0x080002a2   0x080002a2   0x00000002   PAD
    0x080002a4   0x080002a4   0x0000003e   Code   RO           57    .text.BootComSend   serial.o
    0x080002e2   0x080002e2   0x00000002   PAD
    0x080002e4   0x080002e4   0x00000032   Code   RO           55    .text.BootComSendByte  serial.o
    0x08000316   0x08000316   0x00000002   PAD
    0x08000318   0x08000318   0x00000004   Code   RO           38    .text.BusFault_Handler  gd32e50x_it.o
    0x0800031c   0x0800031c   0x0000004a   Code   RO            6    .text.CheckSum      main.o
    0x08000366   0x08000366   0x00000002   PAD
    0x08000368   0x08000368   0x000000e4   Code   RO           14    .text.Connect       main.o
    0x0800044c   0x0800044c   0x00000002   Code   RO           44    .text.DebugMon_Handler  gd32e50x_it.o
    0x0800044e   0x0800044e   0x00000002   PAD
    0x08000450   0x08000450   0x0000004a   Code   RO           84    .text.DelayMs       timer.o
    0x0800049a   0x0800049a   0x00000002   PAD
    0x0800049c   0x0800049c   0x00000066   Code   RO            4    .text.ExecApp       main.o
    0x08000502   0x08000502   0x00000002   PAD
    0x08000504   0x08000504   0x00000028   Code   RO           78    .text.GetCurrentTick  timer.o
    0x0800052c   0x0800052c   0x00000032   Code   RO           80    .text.GetPassedTick  timer.o
    0x0800055e   0x0800055e   0x00000002   PAD
    0x08000560   0x08000560   0x00000004   Code   RO           34    .text.HardFault_Handler  gd32e50x_it.o
    0x08000564   0x08000564   0x00000014   Code   RO           74    .text.InitTick      timer.o
    0x08000578   0x08000578   0x00000004   Code   RO           36    .text.MemManage_Handler  gd32e50x_it.o
    0x0800057c   0x0800057c   0x00000002   Code   RO           32    .text.NMI_Handler   gd32e50x_it.o
    0x0800057e   0x0800057e   0x00000002   PAD
    0x08000580   0x08000580   0x00000002   Code   RO           46    .text.PendSV_Handler  gd32e50x_it.o
    0x08000582   0x08000582   0x00000002   PAD
    0x08000584   0x08000584   0x0000001c   Code   RO            2    .text.RCC_Configuration  main.o
    0x080005a0   0x080005a0   0x00000070   Code   RO           12    .text.ReadPage      main.o
    0x08000610   0x08000610   0x00000002   Code   RO           42    .text.SVC_Handler   gd32e50x_it.o
    0x08000612   0x08000612   0x00000002   PAD
    0x08000614   0x08000614   0x000000dc   Code   RO            8    .text.SetPageAddr   main.o
    0x080006f0   0x080006f0   0x00000052   Code   RO           70    .text.SysTick_Config  timer.o
    0x08000742   0x08000742   0x00000002   PAD
    0x08000744   0x08000744   0x00000042   Code   RO           76    .text.SysTick_Handler  timer.o
    0x08000786   0x08000786   0x00000002   PAD
    0x08000788   0x08000788   0x000000a6   Code   RO          129    .text.SystemInit    system_gd32e50x.o
    0x0800082e   0x0800082e   0x00000002   PAD
    0x08000830   0x08000830   0x00000004   Code   RO           40    .text.UsageFault_Handler  gd32e50x_it.o
    0x08000834   0x08000834   0x000000e2   Code   RO           10    .text.WritePage     main.o
    0x08000916   0x08000916   0x00000002   PAD
    0x08000918   0x08000918   0x00000042   Code   RO           72    .text.__NVIC_SetPriority  timer.o
    0x0800095a   0x0800095a   0x00000002   PAD
    0x0800095c   0x0800095c   0x0000001c   Code   RO          775    .text.bkp_flag_clear  gd32e50x_bkp.o
    0x08000978   0x08000978   0x0000006c   Code   RO          745    .text.bkp_read_data  gd32e50x_bkp.o
    0x080009e4   0x080009e4   0x00000066   Code   RO          743    .text.bkp_write_data  gd32e50x_bkp.o
    0x08000a4a   0x08000a4a   0x00000002   PAD
    0x08000a4c   0x08000a4c   0x00000060   Code   RO          261    .text.fmc_page_erase  gd32e50x_fmc.o
    0x08000aac   0x08000aac   0x0000005c   Code   RO          263    .text.fmc_ready_wait  gd32e50x_fmc.o
    0x08000b08   0x08000b08   0x0000007c   Code   RO          303    .text.fmc_state_get  gd32e50x_fmc.o
    0x08000b84   0x08000b84   0x00000032   Code   RO          239    .text.fmc_unlock    gd32e50x_fmc.o
    0x08000bb6   0x08000bb6   0x00000002   PAD
    0x08000bb8   0x08000bb8   0x00000054   Code   RO          267    .text.fmc_word_program  gd32e50x_fmc.o
    0x08000c0c   0x08000c0c   0x000000b6   Code   RO          852    .text.gd_eval_com_init  gd32e503v_eval.o
    0x08000cc2   0x08000cc2   0x00000002   PAD
    0x08000cc4   0x08000cc4   0x00000010   Code   RO          343    .text.gpio_bit_reset  gd32e50x_gpio.o
    0x08000cd4   0x08000cd4   0x00000010   Code   RO          341    .text.gpio_bit_set  gd32e50x_gpio.o
    0x08000ce4   0x08000ce4   0x00000026   Code   RO          345    .text.gpio_bit_write  gd32e50x_gpio.o
    0x08000d0a   0x08000d0a   0x00000002   PAD
    0x08000d0c   0x08000d0c   0x00000184   Code   RO          339    .text.gpio_init     gd32e50x_gpio.o
    0x08000e90   0x08000e90   0x0000002a   Code   RO          353    .text.gpio_output_bit_get  gd32e50x_gpio.o
    0x08000eba   0x08000eba   0x00000002   PAD
    0x08000ebc   0x08000ebc   0x000002d0   Code   RO           16    .text.main          main.o
    0x0800118c   0x0800118c   0x00000024   Code   RO          394    .text.nvic_vector_table_set  gd32e50x_misc.o
    0x080011b0   0x080011b0   0x00000012   Code   RO          824    .text.pmu_backup_write_enable  gd32e50x_pmu.o
    0x080011c2   0x080011c2   0x00000002   PAD
    0x080011c4   0x080011c4   0x00000272   Code   RO          228    .text.rcu_clock_freq_get  gd32e50x_rcu.o
    0x08001436   0x08001436   0x00000002   PAD
    0x08001438   0x08001438   0x00000028   Code   RO          150    .text.rcu_periph_clock_enable  gd32e50x_rcu.o
    0x08001460   0x08001460   0x00000028   Code   RO          160    .text.rcu_periph_reset_disable  gd32e50x_rcu.o
    0x08001488   0x08001488   0x00000028   Code   RO          158    .text.rcu_periph_reset_enable  gd32e50x_rcu.o
    0x080014b0   0x080014b0   0x00000164   Code   RO          135    .text.system_clock_180m_irc8m  system_gd32e50x.o
    0x08001614   0x08001614   0x00000008   Code   RO          131    .text.system_clock_config  system_gd32e50x.o
    0x0800161c   0x0800161c   0x00000032   Code   RO           68    .text.systick_config  timer.o
    0x0800164e   0x0800164e   0x00000002   PAD
    0x08001650   0x08001650   0x0000018a   Code   RO          560    .text.usart_baudrate_set  gd32e50x_usart.o
    0x080017da   0x080017da   0x00000002   PAD
    0x080017dc   0x080017dc   0x00000038   Code   RO          588    .text.usart_data_receive  gd32e50x_usart.o
    0x08001814   0x08001814   0x00000032   Code   RO          586    .text.usart_data_transmit  gd32e50x_usart.o
    0x08001846   0x08001846   0x00000002   PAD
    0x08001848   0x08001848   0x000000da   Code   RO          558    .text.usart_deinit  gd32e50x_usart.o
    0x08001922   0x08001922   0x00000002   PAD
    0x08001924   0x08001924   0x00000030   Code   RO          568    .text.usart_enable  gd32e50x_usart.o
    0x08001954   0x08001954   0x0000003a   Code   RO          658    .text.usart_flag_get  gd32e50x_usart.o
    0x0800198e   0x0800198e   0x00000002   PAD
    0x08001990   0x08001990   0x00000062   Code   RO          574    .text.usart_receive_config  gd32e50x_usart.o
    0x080019f2   0x080019f2   0x00000002   PAD
    0x080019f4   0x080019f4   0x00000062   Code   RO          572    .text.usart_transmit_config  gd32e50x_usart.o
    0x08001a56   0x08001a56   0x0000000e   Code   RO          907    i.__scatterload_copy  mc_w.l(handlers.o)
    0x08001a64   0x08001a64   0x00000002   Code   RO          908    i.__scatterload_null  mc_w.l(handlers.o)
    0x08001a66   0x08001a66   0x0000000e   Code   RO          909    i.__scatterload_zeroinit  mc_w.l(handlers.o)
    0x08001a74   0x08001a74   0x00000020   Data   RO          906    Region$$Table       anon$$obj.o


    Execution Region RW_IRAM1 (Exec base: 0x20000000, Load base: 0x08001a98, Size: 0x000004b8, Max: 0x00018000, ABSOLUTE)

    Exec Addr    Load Addr    Size         Type   Attr      Idx    E Section Name        Object

    0x20000000   0x08001a98   0x00000002   Data   RW          867    .data.COM_CLK       gd32e503v_eval.o
    0x20000002   0x08001a9a   0x00000002   Data   RW          866    .data.COM_GPIO_CLK  gd32e503v_eval.o
    0x20000004   0x08001a9c   0x00000004   Data   RW          868    .data.COM_GPIO_PORT  gd32e503v_eval.o
    0x20000008   0x08001aa0   0x00000004   Data   RW          870    .data.COM_RX_PIN    gd32e503v_eval.o
    0x2000000c   0x08001aa4   0x00000004   Data   RW          869    .data.COM_TX_PIN    gd32e503v_eval.o
    0x20000010   0x08001aa8   0x00000004   Data   RW          137    .data.SystemCoreClock  system_gd32e50x.o
    0x20000014   0x08001aac   0x00000004   PAD
    0x20000018        -       0x00000004   Zero   RW           89    .bss.DelayMs.MsDelayCnt  timer.o
    0x2000001c        -       0x00000004   Zero   RW           22    .bss.g_Address      main.o
    0x20000020        -       0x00000080   Zero   RW           21    .bss.g_Buffer       main.o
    0x200000a0        -       0x00000004   Zero   RW           88    .bss.g_SysTimer     timer.o
    0x200000a4        -       0x00000001   Zero   RW           18    .bss.g_WriteEnable  main.o
    0x200000a5   0x08001aac   0x00000003   PAD
    0x200000a8        -       0x00000004   Zero   RW           20    .bss.jump_To_application  main.o
    0x200000ac        -       0x00000004   Zero   RW           19    .bss.jump_address   main.o
    0x200000b0        -       0x00000004   Zero   RW           23    .bss.updateTimeOut  main.o
    0x200000b4   0x08001aac   0x00000004   PAD
    0x200000b8        -       0x00000400   Zero   RW          877    STACK               startup_gd32e50x_hd.o


==============================================================================

Image component sizes


      Code (inc. data)   RO Data    RW Data    ZI Data      Debug   Object Name

       214          0          0         16          0       4299   gd32e503v_eval.o
       238          0          0          0          0       4422   gd32e50x_bkp.o
       446          0          0          0          0       6799   gd32e50x_fmc.o
       500          0          0          0          0       5908   gd32e50x_gpio.o
        24          0          0          0          0        930   gd32e50x_it.o
        36          0          0          0          0       5897   gd32e50x_misc.o
        18          0          0          0          0       6002   gd32e50x_pmu.o
       746          6          0          0          0      11710   gd32e50x_rcu.o
      1020          0          0          0          0      19532   gd32e50x_usart.o
      1710         18          0          0        145       4701   main.o
       246          0          0          0          0       1695   serial.o
        36          8        416          0       1024        972   startup_gd32e50x_hd.o
       530          0          0          4          0       3109   system_gd32e50x.o
       448          0          0          0          8       5758   timer.o

    ----------------------------------------------------------------------
      6270         32        448         20       1188      81734   Object Totals
         0          0         32          0          0          0   (incl. Generated)
        58          0          0          0         11          0   (incl. Padding)

    ----------------------------------------------------------------------

      Code (inc. data)   RO Data    RW Data    ZI Data      Debug   Library Member Name

         0          0          0          0          0          0   entry.o
         0          0          0          0          0          0   entry10a.o
         0          0          0          0          0          0   entry11a.o
         8          4          0          0          0          0   entry2.o
         4          0          0          0          0          0   entry5.o
         0          0          0          0          0          0   entry7b.o
         0          0          0          0          0          0   entry8b.o
         8          4          0          0          0          0   entry9a.o
        30          0          0          0          0          0   handlers.o
        36          8          0          0          0         68   init.o

    ----------------------------------------------------------------------
        86         16          0          0          0         68   Library Totals
         0          0          0          0          0          0   (incl. Padding)

    ----------------------------------------------------------------------

      Code (inc. data)   RO Data    RW Data    ZI Data      Debug   Library Name

        86         16          0          0          0         68   mc_w.l

    ----------------------------------------------------------------------
        86         16          0          0          0         68   Library Totals

    ----------------------------------------------------------------------

==============================================================================


      Code (inc. data)   RO Data    RW Data    ZI Data      Debug   

      6356         48        448         20       1188      81766   Grand Totals
      6356         48        448         20       1188      81766   ELF Image Totals
      6356         48        448         20          0          0   ROM Totals

==============================================================================

    Total RO  Size (Code + RO Data)                 6804 (   6.64kB)
    Total RW  Size (RW Data + ZI Data)              1208 (   1.18kB)
    Total ROM Size (Code + RO Data + RW Data)       6824 (   6.66kB)

==============================================================================

